Vivado Simulator v2022.2
Copyright 1986-1999, 2001-2022 Xilinx, Inc. All Rights Reserved.
Running: C:/Xilinx/Vivado/2022.2/bin/unwrapped/win64.o/xelab.exe --incr --debug typical --relax --mt 2 -L xil_defaultlib -L secureip --snapshot tb_top_behav xil_defaultlib.tb_top -log elaborate.log 
Using 2 slave threads.
Starting static elaboration
Completed static elaboration
Starting simulation data flow analysis
Completed simulation data flow analysis
Time Resolution for simulation is 1ps
Compiling package std.standard
Compiling package std.textio
Compiling package ieee.std_logic_1164
Compiling package ieee.numeric_std
Compiling architecture behavioral of entity xil_defaultlib.uart_rx [uart_rx_default]
Compiling architecture behavioral of entity xil_defaultlib.data_collector [data_collector_default]
Compiling architecture behavioral of entity xil_defaultlib.sorter [sorter_default]
Compiling architecture behavioral of entity xil_defaultlib.min_med_max_extractor [min_med_max_extractor_default]
Compiling architecture behavioral of entity xil_defaultlib.binary_to_bcd [binary_to_bcd_default]
Compiling architecture behavioral of entity xil_defaultlib.bcd_to_7segment [bcd_to_7segment_default]
Compiling architecture behavioral of entity xil_defaultlib.display_mux [display_mux_default]
Compiling architecture structural of entity xil_defaultlib.top_level [top_level_default]
Compiling architecture behavioral of entity xil_defaultlib.tb_top
Built simulation snapshot tb_top_behav
