********************************************************************************
* Unified simulation Tcl App stack trace dump
*
* File: .usf.tcl_error.log (Tue Apr 15 22:22:42 2025)
*
* This file is generated by the unified simulation automation and contains the
* tcl stack trace of error returned by the simulator App for the current run.
*
********************************************************************************
ERROR: [Common 17-53] User Exception: No open design. Please open an elaborated, synthesized or implemented design before executing this command.

    while executing
"write_vhdl -mode funcsim -nolib -force -file "D:/GIT/fpga_temelli_gomulu_sistem_tasarimi/fpga_temelli_gomulu_sistem_tasarimi/fpga_temelli_gomulu_siste..."
    ("eval" body line 1)
    invoked from within
"eval "write_vhdl $wv_args""
    (procedure "xcs_write_design_netlist" line 139)
    invoked from within
"xcs_write_design_netlist $a_sim_vars(s_simset)           $a_sim_vars(s_simulation_flow)  $a_sim_vars(s_type)             $a_sim_vars(s_sim_top)       ..."
    (procedure "usf_xsim_setup_simulation" line 58)
    invoked from within
"usf_xsim_setup_simulation"
    (procedure "tclapp::xilinx::xsim::setup" line 24)
    invoked from within
"tclapp::xilinx::xsim::setup { -simset sim_1 -mode post-implementation -type functional -run_dir D:/GIT/fpga_temelli_gomulu_sistem_tasarimi/fpga_temell..."
