Copyright 1986-2022 Xilinx, Inc. All Rights Reserved.
----------------------------------------------------------------------------------------------
| Tool Version : Vivado v.2022.2 (win64) Build 3671981 Fri Oct 14 05:00:03 MDT 2022
| Date         : Mon May 26 12:20:54 2025
| Host         : DESKTOP-11IAEMT running 64-bit major release  (build 9200)
| Command      : report_control_sets -verbose -file Nexys4DdrUserDemo_control_sets_placed.rpt
| Design       : Nexys4DdrUserDemo
| Device       : xc7a100t
----------------------------------------------------------------------------------------------

Control Set Information

Table of Contents
-----------------
1. Summary
2. Histogram
3. Flip-Flop Distribution
4. Detailed Control Set Information

1. Summary
----------

+----------------------------------------------------------+-------+
|                          Status                          | Count |
+----------------------------------------------------------+-------+
| Total control sets                                       |     7 |
|    Minimum number of control sets                        |     7 |
|    Addition due to synthesis replication                 |     0 |
|    Addition due to physical synthesis replication        |     0 |
| Unused register locations in slices containing registers |    34 |
+----------------------------------------------------------+-------+
* Control sets can be merged at opt_design using control_set_merge or merge_equivalent_drivers
** Run report_qor_suggestions for automated merging and remapping suggestions


2. Histogram
------------

+--------------------+-------+
|       Fanout       | Count |
+--------------------+-------+
| Total control sets |     7 |
| >= 0 to < 4        |     0 |
| >= 4 to < 6        |     0 |
| >= 6 to < 8        |     0 |
| >= 8 to < 10       |     0 |
| >= 10 to < 12      |     1 |
| >= 12 to < 14      |     3 |
| >= 14 to < 16      |     0 |
| >= 16              |     3 |
+--------------------+-------+
* Control sets can be remapped at either synth_design or opt_design


3. Flip-Flop Distribution
-------------------------

+--------------+-----------------------+------------------------+-----------------+--------------+
| Clock Enable | Synchronous Set/Reset | Asynchronous Set/Reset | Total Registers | Total Slices |
+--------------+-----------------------+------------------------+-----------------+--------------+
| No           | No                    | No                     |              85 |           42 |
| No           | No                    | Yes                    |               0 |            0 |
| No           | Yes                   | No                     |              23 |            7 |
| Yes          | No                    | No                     |               0 |            0 |
| Yes          | No                    | Yes                    |               0 |            0 |
| Yes          | Yes                   | No                     |             186 |           88 |
+--------------+-----------------------+------------------------+-----------------+--------------+


4. Detailed Control Set Information
-----------------------------------

+--------------------------------+-------------------------------------+-----------------------------------------------------------------+------------------+----------------+--------------+
|          Clock Signal          |            Enable Signal            |                         Set/Reset Signal                        | Slice Load Count | Bel Load Count | Bels / Slice |
+--------------------------------+-------------------------------------+-----------------------------------------------------------------+------------------+----------------+--------------+
|  Inst_ClkGen/inst/clk_100MHz_o |                                     | Inst_VGA/eqOp12_in                                              |                3 |             11 |         3.67 |
|  Inst_ClkGen/inst/clk_100MHz_o |                                     | Inst_VGA/vga_red_reg[3]_i_1_n_0                                 |                4 |             12 |         3.00 |
|  Inst_ClkGen/inst/clk_100MHz_o | Inst_VGA/Inst_SquareShapeDisplay/en | Inst_VGA/Inst_SquareShapeDisplay/rst                            |                3 |             12 |         4.00 |
|  Inst_ClkGen/inst/clk_100MHz_o | Inst_VGA/eqOp12_in                  | Inst_VGA/v_cntr_reg0                                            |                3 |             12 |         4.00 |
|  Inst_ClkGen/inst/clk_100MHz_o | Inst_VGA/Inst_LogoDisplay/en        | Inst_VGA/Inst_LogoDisplay/rst                                   |                5 |             17 |         3.40 |
|  Inst_ClkGen/inst/clk_100MHz_o |                                     |                                                                 |               42 |             85 |         2.02 |
|  Inst_ClkGen/inst/clk_100MHz_o | Inst_VGA/Inst_OverlayCtrl/ACTIVE_I  | Inst_VGA/Inst_OverlayCtrl/addr_cntr_reg_rep_rep_rep[17]_i_1_n_0 |               77 |            145 |         1.88 |
+--------------------------------+-------------------------------------+-----------------------------------------------------------------+------------------+----------------+--------------+


