
*** Running vivado
    with args -log timer_counter.vds -m64 -product Vivado -mode batch -messageDb vivado.pb -notrace -source timer_counter.tcl



****** Vivado v2022.2 (64-bit)
  **** SW Build 3671981 on Fri Oct 14 05:00:03 MDT 2022
  **** IP Build 3669848 on Fri Oct 14 08:30:02 MDT 2022
    ** Copyright 1986-2022 Xilinx, Inc. All Rights Reserved.

source timer_counter.tcl -notrace
create_project: Time (s): cpu = 00:00:07 ; elapsed = 00:00:09 . Memory (MB): peak = 1002.035 ; gain = 117.891
Command: read_checkpoint -auto_incremental -incremental D:/GIT/fpga_temelli_gomulu_sistem_tasarimi/fpga_temelli_gomulu_sistem_tasarimi/fpga_temelli_gomulu_sistem_tasarimi.srcs/utils_1/imports/synth_1/and2.dcp
INFO: [Vivado 12-5825] Read reference checkpoint from D:/GIT/fpga_temelli_gomulu_sistem_tasarimi/fpga_temelli_gomulu_sistem_tasarimi/fpga_temelli_gomulu_sistem_tasarimi.srcs/utils_1/imports/synth_1/and2.dcp for incremental synthesis
INFO: [Vivado 12-7989] Please ensure there are no constraint changes
Command: synth_design -top timer_counter -part xc7a100tcsg324-1
Starting synth_design
Attempting to get a license for feature 'Synthesis' and/or device 'xc7a100t'
INFO: [Common 17-349] Got license for feature 'Synthesis' and/or device 'xc7a100t'
INFO: [Device 21-403] Loading part xc7a100tcsg324-1
INFO: [Synth 8-7079] Multithreading enabled for synth_design using a maximum of 2 processes.
INFO: [Synth 8-7078] Launching helper process for spawning children vivado processes
INFO: [Synth 8-7075] Helper process launched with PID 5016
INFO: [Synth 8-11241] undeclared symbol 'REGCCE', assumed default net type 'wire' [C:/Xilinx/Vivado/2022.2/data/verilog/src/unimacro/BRAM_SINGLE_MACRO.v:2170]
---------------------------------------------------------------------------------
Starting RTL Elaboration : Time (s): cpu = 00:00:08 ; elapsed = 00:00:10 . Memory (MB): peak = 1832.512 ; gain = 406.691
---------------------------------------------------------------------------------
INFO: [Synth 8-638] synthesizing module 'timer_counter' [D:/GIT/fpga_temelli_gomulu_sistem_tasarimi/fpga_temelli_gomulu_sistem_tasarimi/fpga_temelli_gomulu_sistem_tasarimi.srcs/sources_1/new/timer_counter.vhd:38]
INFO: [Synth 8-256] done synthesizing module 'timer_counter' (0#1) [D:/GIT/fpga_temelli_gomulu_sistem_tasarimi/fpga_temelli_gomulu_sistem_tasarimi/fpga_temelli_gomulu_sistem_tasarimi.srcs/sources_1/new/timer_counter.vhd:38]
---------------------------------------------------------------------------------
Finished RTL Elaboration : Time (s): cpu = 00:00:11 ; elapsed = 00:00:13 . Memory (MB): peak = 1922.043 ; gain = 496.223
---------------------------------------------------------------------------------
---------------------------------------------------------------------------------
Start Handling Custom Attributes
---------------------------------------------------------------------------------
---------------------------------------------------------------------------------
Finished Handling Custom Attributes : Time (s): cpu = 00:00:11 ; elapsed = 00:00:13 . Memory (MB): peak = 1922.043 ; gain = 496.223
---------------------------------------------------------------------------------
---------------------------------------------------------------------------------
Finished RTL Optimization Phase 1 : Time (s): cpu = 00:00:11 ; elapsed = 00:00:13 . Memory (MB): peak = 1922.043 ; gain = 496.223
---------------------------------------------------------------------------------
Netlist sorting complete. Time (s): cpu = 00:00:00 ; elapsed = 00:00:00.003 . Memory (MB): peak = 1922.043 ; gain = 0.000
INFO: [Project 1-570] Preparing netlist for logic optimization

Processing XDC Constraints
Initializing timing engine
Parsing XDC File [D:/GIT/fpga_temelli_gomulu_sistem_tasarimi/fpga_temelli_gomulu_sistem_tasarimi/fpga_temelli_gomulu_sistem_tasarimi.srcs/constrs_matrix/new/Nexys-A7-100T-Matrix.xdc]
WARNING: [Vivado 12-584] No ports matched 'row_col_select'. [D:/GIT/fpga_temelli_gomulu_sistem_tasarimi/fpga_temelli_gomulu_sistem_tasarimi/fpga_temelli_gomulu_sistem_tasarimi.srcs/constrs_matrix/new/Nexys-A7-100T-Matrix.xdc:13]
CRITICAL WARNING: [Common 17-55] 'set_property' expects at least one object. [D:/GIT/fpga_temelli_gomulu_sistem_tasarimi/fpga_temelli_gomulu_sistem_tasarimi/fpga_temelli_gomulu_sistem_tasarimi.srcs/constrs_matrix/new/Nexys-A7-100T-Matrix.xdc:13]
Resolution: If [get_<value>] was used to populate the object, check to make sure this command returns at least one valid object.
WARNING: [Vivado 12-584] No ports matched 'row_sel[0]'. [D:/GIT/fpga_temelli_gomulu_sistem_tasarimi/fpga_temelli_gomulu_sistem_tasarimi/fpga_temelli_gomulu_sistem_tasarimi.srcs/constrs_matrix/new/Nexys-A7-100T-Matrix.xdc:14]
CRITICAL WARNING: [Common 17-55] 'set_property' expects at least one object. [D:/GIT/fpga_temelli_gomulu_sistem_tasarimi/fpga_temelli_gomulu_sistem_tasarimi/fpga_temelli_gomulu_sistem_tasarimi.srcs/constrs_matrix/new/Nexys-A7-100T-Matrix.xdc:14]
Resolution: If [get_<value>] was used to populate the object, check to make sure this command returns at least one valid object.
WARNING: [Vivado 12-584] No ports matched 'row_sel[1]'. [D:/GIT/fpga_temelli_gomulu_sistem_tasarimi/fpga_temelli_gomulu_sistem_tasarimi/fpga_temelli_gomulu_sistem_tasarimi.srcs/constrs_matrix/new/Nexys-A7-100T-Matrix.xdc:15]
CRITICAL WARNING: [Common 17-55] 'set_property' expects at least one object. [D:/GIT/fpga_temelli_gomulu_sistem_tasarimi/fpga_temelli_gomulu_sistem_tasarimi/fpga_temelli_gomulu_sistem_tasarimi.srcs/constrs_matrix/new/Nexys-A7-100T-Matrix.xdc:15]
Resolution: If [get_<value>] was used to populate the object, check to make sure this command returns at least one valid object.
WARNING: [Vivado 12-584] No ports matched 'col_sel[0]'. [D:/GIT/fpga_temelli_gomulu_sistem_tasarimi/fpga_temelli_gomulu_sistem_tasarimi/fpga_temelli_gomulu_sistem_tasarimi.srcs/constrs_matrix/new/Nexys-A7-100T-Matrix.xdc:16]
CRITICAL WARNING: [Common 17-55] 'set_property' expects at least one object. [D:/GIT/fpga_temelli_gomulu_sistem_tasarimi/fpga_temelli_gomulu_sistem_tasarimi/fpga_temelli_gomulu_sistem_tasarimi.srcs/constrs_matrix/new/Nexys-A7-100T-Matrix.xdc:16]
Resolution: If [get_<value>] was used to populate the object, check to make sure this command returns at least one valid object.
WARNING: [Vivado 12-584] No ports matched 'col_sel[1]'. [D:/GIT/fpga_temelli_gomulu_sistem_tasarimi/fpga_temelli_gomulu_sistem_tasarimi/fpga_temelli_gomulu_sistem_tasarimi.srcs/constrs_matrix/new/Nexys-A7-100T-Matrix.xdc:17]
CRITICAL WARNING: [Common 17-55] 'set_property' expects at least one object. [D:/GIT/fpga_temelli_gomulu_sistem_tasarimi/fpga_temelli_gomulu_sistem_tasarimi/fpga_temelli_gomulu_sistem_tasarimi.srcs/constrs_matrix/new/Nexys-A7-100T-Matrix.xdc:17]
Resolution: If [get_<value>] was used to populate the object, check to make sure this command returns at least one valid object.
WARNING: [Vivado 12-584] No ports matched 'seven_seg_o[7]'. [D:/GIT/fpga_temelli_gomulu_sistem_tasarimi/fpga_temelli_gomulu_sistem_tasarimi/fpga_temelli_gomulu_sistem_tasarimi.srcs/constrs_matrix/new/Nexys-A7-100T-Matrix.xdc:57]
CRITICAL WARNING: [Common 17-55] 'set_property' expects at least one object. [D:/GIT/fpga_temelli_gomulu_sistem_tasarimi/fpga_temelli_gomulu_sistem_tasarimi/fpga_temelli_gomulu_sistem_tasarimi.srcs/constrs_matrix/new/Nexys-A7-100T-Matrix.xdc:57]
Resolution: If [get_<value>] was used to populate the object, check to make sure this command returns at least one valid object.
WARNING: [Vivado 12-584] No ports matched 'seven_seg_o[6]'. [D:/GIT/fpga_temelli_gomulu_sistem_tasarimi/fpga_temelli_gomulu_sistem_tasarimi/fpga_temelli_gomulu_sistem_tasarimi.srcs/constrs_matrix/new/Nexys-A7-100T-Matrix.xdc:58]
CRITICAL WARNING: [Common 17-55] 'set_property' expects at least one object. [D:/GIT/fpga_temelli_gomulu_sistem_tasarimi/fpga_temelli_gomulu_sistem_tasarimi/fpga_temelli_gomulu_sistem_tasarimi.srcs/constrs_matrix/new/Nexys-A7-100T-Matrix.xdc:58]
Resolution: If [get_<value>] was used to populate the object, check to make sure this command returns at least one valid object.
WARNING: [Vivado 12-584] No ports matched 'seven_seg_o[5]'. [D:/GIT/fpga_temelli_gomulu_sistem_tasarimi/fpga_temelli_gomulu_sistem_tasarimi/fpga_temelli_gomulu_sistem_tasarimi.srcs/constrs_matrix/new/Nexys-A7-100T-Matrix.xdc:59]
CRITICAL WARNING: [Common 17-55] 'set_property' expects at least one object. [D:/GIT/fpga_temelli_gomulu_sistem_tasarimi/fpga_temelli_gomulu_sistem_tasarimi/fpga_temelli_gomulu_sistem_tasarimi.srcs/constrs_matrix/new/Nexys-A7-100T-Matrix.xdc:59]
Resolution: If [get_<value>] was used to populate the object, check to make sure this command returns at least one valid object.
WARNING: [Vivado 12-584] No ports matched 'seven_seg_o[4]'. [D:/GIT/fpga_temelli_gomulu_sistem_tasarimi/fpga_temelli_gomulu_sistem_tasarimi/fpga_temelli_gomulu_sistem_tasarimi.srcs/constrs_matrix/new/Nexys-A7-100T-Matrix.xdc:60]
CRITICAL WARNING: [Common 17-55] 'set_property' expects at least one object. [D:/GIT/fpga_temelli_gomulu_sistem_tasarimi/fpga_temelli_gomulu_sistem_tasarimi/fpga_temelli_gomulu_sistem_tasarimi.srcs/constrs_matrix/new/Nexys-A7-100T-Matrix.xdc:60]
Resolution: If [get_<value>] was used to populate the object, check to make sure this command returns at least one valid object.
WARNING: [Vivado 12-584] No ports matched 'seven_seg_o[3]'. [D:/GIT/fpga_temelli_gomulu_sistem_tasarimi/fpga_temelli_gomulu_sistem_tasarimi/fpga_temelli_gomulu_sistem_tasarimi.srcs/constrs_matrix/new/Nexys-A7-100T-Matrix.xdc:61]
CRITICAL WARNING: [Common 17-55] 'set_property' expects at least one object. [D:/GIT/fpga_temelli_gomulu_sistem_tasarimi/fpga_temelli_gomulu_sistem_tasarimi/fpga_temelli_gomulu_sistem_tasarimi.srcs/constrs_matrix/new/Nexys-A7-100T-Matrix.xdc:61]
Resolution: If [get_<value>] was used to populate the object, check to make sure this command returns at least one valid object.
WARNING: [Vivado 12-584] No ports matched 'seven_seg_o[2]'. [D:/GIT/fpga_temelli_gomulu_sistem_tasarimi/fpga_temelli_gomulu_sistem_tasarimi/fpga_temelli_gomulu_sistem_tasarimi.srcs/constrs_matrix/new/Nexys-A7-100T-Matrix.xdc:62]
CRITICAL WARNING: [Common 17-55] 'set_property' expects at least one object. [D:/GIT/fpga_temelli_gomulu_sistem_tasarimi/fpga_temelli_gomulu_sistem_tasarimi/fpga_temelli_gomulu_sistem_tasarimi.srcs/constrs_matrix/new/Nexys-A7-100T-Matrix.xdc:62]
Resolution: If [get_<value>] was used to populate the object, check to make sure this command returns at least one valid object.
WARNING: [Vivado 12-584] No ports matched 'seven_seg_o[1]'. [D:/GIT/fpga_temelli_gomulu_sistem_tasarimi/fpga_temelli_gomulu_sistem_tasarimi/fpga_temelli_gomulu_sistem_tasarimi.srcs/constrs_matrix/new/Nexys-A7-100T-Matrix.xdc:63]
CRITICAL WARNING: [Common 17-55] 'set_property' expects at least one object. [D:/GIT/fpga_temelli_gomulu_sistem_tasarimi/fpga_temelli_gomulu_sistem_tasarimi/fpga_temelli_gomulu_sistem_tasarimi.srcs/constrs_matrix/new/Nexys-A7-100T-Matrix.xdc:63]
Resolution: If [get_<value>] was used to populate the object, check to make sure this command returns at least one valid object.
WARNING: [Vivado 12-584] No ports matched 'seven_seg_o[0]'. [D:/GIT/fpga_temelli_gomulu_sistem_tasarimi/fpga_temelli_gomulu_sistem_tasarimi/fpga_temelli_gomulu_sistem_tasarimi.srcs/constrs_matrix/new/Nexys-A7-100T-Matrix.xdc:64]
CRITICAL WARNING: [Common 17-55] 'set_property' expects at least one object. [D:/GIT/fpga_temelli_gomulu_sistem_tasarimi/fpga_temelli_gomulu_sistem_tasarimi/fpga_temelli_gomulu_sistem_tasarimi.srcs/constrs_matrix/new/Nexys-A7-100T-Matrix.xdc:64]
Resolution: If [get_<value>] was used to populate the object, check to make sure this command returns at least one valid object.
WARNING: [Vivado 12-584] No ports matched 'anodes_o[0]'. [D:/GIT/fpga_temelli_gomulu_sistem_tasarimi/fpga_temelli_gomulu_sistem_tasarimi/fpga_temelli_gomulu_sistem_tasarimi.srcs/constrs_matrix/new/Nexys-A7-100T-Matrix.xdc:66]
CRITICAL WARNING: [Common 17-55] 'set_property' expects at least one object. [D:/GIT/fpga_temelli_gomulu_sistem_tasarimi/fpga_temelli_gomulu_sistem_tasarimi/fpga_temelli_gomulu_sistem_tasarimi.srcs/constrs_matrix/new/Nexys-A7-100T-Matrix.xdc:66]
Resolution: If [get_<value>] was used to populate the object, check to make sure this command returns at least one valid object.
WARNING: [Vivado 12-584] No ports matched 'anodes_o[1]'. [D:/GIT/fpga_temelli_gomulu_sistem_tasarimi/fpga_temelli_gomulu_sistem_tasarimi/fpga_temelli_gomulu_sistem_tasarimi.srcs/constrs_matrix/new/Nexys-A7-100T-Matrix.xdc:67]
CRITICAL WARNING: [Common 17-55] 'set_property' expects at least one object. [D:/GIT/fpga_temelli_gomulu_sistem_tasarimi/fpga_temelli_gomulu_sistem_tasarimi/fpga_temelli_gomulu_sistem_tasarimi.srcs/constrs_matrix/new/Nexys-A7-100T-Matrix.xdc:67]
Resolution: If [get_<value>] was used to populate the object, check to make sure this command returns at least one valid object.
WARNING: [Vivado 12-584] No ports matched 'anodes_o[2]'. [D:/GIT/fpga_temelli_gomulu_sistem_tasarimi/fpga_temelli_gomulu_sistem_tasarimi/fpga_temelli_gomulu_sistem_tasarimi.srcs/constrs_matrix/new/Nexys-A7-100T-Matrix.xdc:68]
CRITICAL WARNING: [Common 17-55] 'set_property' expects at least one object. [D:/GIT/fpga_temelli_gomulu_sistem_tasarimi/fpga_temelli_gomulu_sistem_tasarimi/fpga_temelli_gomulu_sistem_tasarimi.srcs/constrs_matrix/new/Nexys-A7-100T-Matrix.xdc:68]
Resolution: If [get_<value>] was used to populate the object, check to make sure this command returns at least one valid object.
WARNING: [Vivado 12-584] No ports matched 'anodes_o[3]'. [D:/GIT/fpga_temelli_gomulu_sistem_tasarimi/fpga_temelli_gomulu_sistem_tasarimi/fpga_temelli_gomulu_sistem_tasarimi.srcs/constrs_matrix/new/Nexys-A7-100T-Matrix.xdc:69]
CRITICAL WARNING: [Common 17-55] 'set_property' expects at least one object. [D:/GIT/fpga_temelli_gomulu_sistem_tasarimi/fpga_temelli_gomulu_sistem_tasarimi/fpga_temelli_gomulu_sistem_tasarimi.srcs/constrs_matrix/new/Nexys-A7-100T-Matrix.xdc:69]
Resolution: If [get_<value>] was used to populate the object, check to make sure this command returns at least one valid object.
WARNING: [Vivado 12-584] No ports matched 'anodes_o[4]'. [D:/GIT/fpga_temelli_gomulu_sistem_tasarimi/fpga_temelli_gomulu_sistem_tasarimi/fpga_temelli_gomulu_sistem_tasarimi.srcs/constrs_matrix/new/Nexys-A7-100T-Matrix.xdc:70]
CRITICAL WARNING: [Common 17-55] 'set_property' expects at least one object. [D:/GIT/fpga_temelli_gomulu_sistem_tasarimi/fpga_temelli_gomulu_sistem_tasarimi/fpga_temelli_gomulu_sistem_tasarimi.srcs/constrs_matrix/new/Nexys-A7-100T-Matrix.xdc:70]
Resolution: If [get_<value>] was used to populate the object, check to make sure this command returns at least one valid object.
WARNING: [Vivado 12-584] No ports matched 'anodes_o[5]'. [D:/GIT/fpga_temelli_gomulu_sistem_tasarimi/fpga_temelli_gomulu_sistem_tasarimi/fpga_temelli_gomulu_sistem_tasarimi.srcs/constrs_matrix/new/Nexys-A7-100T-Matrix.xdc:71]
CRITICAL WARNING: [Common 17-55] 'set_property' expects at least one object. [D:/GIT/fpga_temelli_gomulu_sistem_tasarimi/fpga_temelli_gomulu_sistem_tasarimi/fpga_temelli_gomulu_sistem_tasarimi.srcs/constrs_matrix/new/Nexys-A7-100T-Matrix.xdc:71]
Resolution: If [get_<value>] was used to populate the object, check to make sure this command returns at least one valid object.
WARNING: [Vivado 12-584] No ports matched 'anodes_o[6]'. [D:/GIT/fpga_temelli_gomulu_sistem_tasarimi/fpga_temelli_gomulu_sistem_tasarimi/fpga_temelli_gomulu_sistem_tasarimi.srcs/constrs_matrix/new/Nexys-A7-100T-Matrix.xdc:72]
CRITICAL WARNING: [Common 17-55] 'set_property' expects at least one object. [D:/GIT/fpga_temelli_gomulu_sistem_tasarimi/fpga_temelli_gomulu_sistem_tasarimi/fpga_temelli_gomulu_sistem_tasarimi.srcs/constrs_matrix/new/Nexys-A7-100T-Matrix.xdc:72]
Resolution: If [get_<value>] was used to populate the object, check to make sure this command returns at least one valid object.
WARNING: [Vivado 12-584] No ports matched 'anodes_o[7]'. [D:/GIT/fpga_temelli_gomulu_sistem_tasarimi/fpga_temelli_gomulu_sistem_tasarimi/fpga_temelli_gomulu_sistem_tasarimi.srcs/constrs_matrix/new/Nexys-A7-100T-Matrix.xdc:73]
CRITICAL WARNING: [Common 17-55] 'set_property' expects at least one object. [D:/GIT/fpga_temelli_gomulu_sistem_tasarimi/fpga_temelli_gomulu_sistem_tasarimi/fpga_temelli_gomulu_sistem_tasarimi.srcs/constrs_matrix/new/Nexys-A7-100T-Matrix.xdc:73]
Resolution: If [get_<value>] was used to populate the object, check to make sure this command returns at least one valid object.
Finished Parsing XDC File [D:/GIT/fpga_temelli_gomulu_sistem_tasarimi/fpga_temelli_gomulu_sistem_tasarimi/fpga_temelli_gomulu_sistem_tasarimi.srcs/constrs_matrix/new/Nexys-A7-100T-Matrix.xdc]
INFO: [Project 1-236] Implementation specific constraints were found while reading constraint file [D:/GIT/fpga_temelli_gomulu_sistem_tasarimi/fpga_temelli_gomulu_sistem_tasarimi/fpga_temelli_gomulu_sistem_tasarimi.srcs/constrs_matrix/new/Nexys-A7-100T-Matrix.xdc]. These constraints will be ignored for synthesis but will be used in implementation. Impacted constraints are listed in the file [.Xil/timer_counter_propImpl.xdc].
Resolution: To avoid this warning, move constraints listed in [.Xil/timer_counter_propImpl.xdc] to another XDC file and exclude this new file from synthesis with the used_in_synthesis property (File Properties dialog in GUI) and re-run elaboration/synthesis.
Completed Processing XDC Constraints

Netlist sorting complete. Time (s): cpu = 00:00:00 ; elapsed = 00:00:00 . Memory (MB): peak = 1980.453 ; gain = 0.000
INFO: [Project 1-111] Unisim Transformation Summary:
No Unisim elements were transformed.

Constraint Validation Runtime : Time (s): cpu = 00:00:00 ; elapsed = 00:00:00.005 . Memory (MB): peak = 1980.453 ; gain = 0.000
INFO: [Synth 8-11241] undeclared symbol 'REGCCE', assumed default net type 'wire' [C:/Xilinx/Vivado/2022.2/data/verilog/src/unimacro/BRAM_SINGLE_MACRO.v:2170]
---------------------------------------------------------------------------------
Finished Constraint Validation : Time (s): cpu = 00:00:24 ; elapsed = 00:00:26 . Memory (MB): peak = 1980.453 ; gain = 554.633
---------------------------------------------------------------------------------
---------------------------------------------------------------------------------
Start Loading Part and Timing Information
---------------------------------------------------------------------------------
Loading part: xc7a100tcsg324-1
---------------------------------------------------------------------------------
Finished Loading Part and Timing Information : Time (s): cpu = 00:00:24 ; elapsed = 00:00:26 . Memory (MB): peak = 1980.453 ; gain = 554.633
---------------------------------------------------------------------------------
---------------------------------------------------------------------------------
Start Applying 'set_property' XDC Constraints
---------------------------------------------------------------------------------
---------------------------------------------------------------------------------
Finished applying 'set_property' XDC Constraints : Time (s): cpu = 00:00:24 ; elapsed = 00:00:26 . Memory (MB): peak = 1980.453 ; gain = 554.633
---------------------------------------------------------------------------------
---------------------------------------------------------------------------------
Start Preparing Guide Design
---------------------------------------------------------------------------------
CRITICAL WARNING: [Synth 8-6895] The reference checkpoint D:/GIT/fpga_temelli_gomulu_sistem_tasarimi/fpga_temelli_gomulu_sistem_tasarimi/fpga_temelli_gomulu_sistem_tasarimi.srcs/utils_1/imports/synth_1/and2.dcp is not suitable for use with incremental synthesis for this design. Please regenerate the checkpoint for this design with -incremental_synth switch in the same Vivado session that synth_design has been run. Synthesis will continue with the default flow
---------------------------------------------------------------------------------
Finished Doing Graph Differ : Time (s): cpu = 00:00:24 ; elapsed = 00:00:26 . Memory (MB): peak = 1980.453 ; gain = 554.633
---------------------------------------------------------------------------------
---------------------------------------------------------------------------------
Finished Preparing Guide Design : Time (s): cpu = 00:00:24 ; elapsed = 00:00:26 . Memory (MB): peak = 1980.453 ; gain = 554.633
---------------------------------------------------------------------------------
---------------------------------------------------------------------------------
Finished RTL Optimization Phase 2 : Time (s): cpu = 00:00:24 ; elapsed = 00:00:27 . Memory (MB): peak = 1980.453 ; gain = 554.633
---------------------------------------------------------------------------------


Incremental Synthesis Report Summary:

1. Incremental synthesis run: no

   Reason for not running incremental synthesis : 


INFO: [Synth 8-7130] Flow is switching to default flow due to incremental criteria not met. If you would like to alter this behaviour and have the flow terminate instead, please set the following parameter config_implementation {autoIncr.Synth.RejectBehavior Terminate}
---------------------------------------------------------------------------------
Start RTL Component Statistics 
---------------------------------------------------------------------------------
Detailed RTL Component Info : 
+---Adders : 
	   2 Input   29 Bit       Adders := 1     
	   2 Input    8 Bit       Adders := 1     
+---Registers : 
	                8 Bit    Registers := 1     
+---Muxes : 
	   4 Input   28 Bit        Muxes := 1     
---------------------------------------------------------------------------------
Finished RTL Component Statistics 
---------------------------------------------------------------------------------
---------------------------------------------------------------------------------
Start Part Resource Summary
---------------------------------------------------------------------------------
Part Resources:
DSPs: 240 (col length:80)
BRAMs: 270 (col length: RAMB18 80 RAMB36 40)
---------------------------------------------------------------------------------
Finished Part Resource Summary
---------------------------------------------------------------------------------
---------------------------------------------------------------------------------
Start Cross Boundary and Area Optimization
---------------------------------------------------------------------------------
WARNING: [Synth 8-7080] Parallel synthesis criteria is not met
---------------------------------------------------------------------------------
Finished Cross Boundary and Area Optimization : Time (s): cpu = 00:00:27 ; elapsed = 00:00:30 . Memory (MB): peak = 1980.453 ; gain = 554.633
---------------------------------------------------------------------------------
---------------------------------------------------------------------------------
Start Applying XDC Timing Constraints
---------------------------------------------------------------------------------
---------------------------------------------------------------------------------
Finished Applying XDC Timing Constraints : Time (s): cpu = 00:00:36 ; elapsed = 00:00:40 . Memory (MB): peak = 1980.453 ; gain = 554.633
---------------------------------------------------------------------------------
---------------------------------------------------------------------------------
Start Timing Optimization
---------------------------------------------------------------------------------
---------------------------------------------------------------------------------
Finished Timing Optimization : Time (s): cpu = 00:00:36 ; elapsed = 00:00:40 . Memory (MB): peak = 1980.453 ; gain = 554.633
---------------------------------------------------------------------------------
---------------------------------------------------------------------------------
Start Technology Mapping
---------------------------------------------------------------------------------
---------------------------------------------------------------------------------
Finished Technology Mapping : Time (s): cpu = 00:00:36 ; elapsed = 00:00:40 . Memory (MB): peak = 1980.453 ; gain = 554.633
---------------------------------------------------------------------------------
---------------------------------------------------------------------------------
Start IO Insertion
---------------------------------------------------------------------------------
---------------------------------------------------------------------------------
Start Flattening Before IO Insertion
---------------------------------------------------------------------------------
---------------------------------------------------------------------------------
Finished Flattening Before IO Insertion
---------------------------------------------------------------------------------
---------------------------------------------------------------------------------
Start Final Netlist Cleanup
---------------------------------------------------------------------------------
---------------------------------------------------------------------------------
Finished Final Netlist Cleanup
---------------------------------------------------------------------------------
---------------------------------------------------------------------------------
Finished IO Insertion : Time (s): cpu = 00:00:44 ; elapsed = 00:00:48 . Memory (MB): peak = 1980.453 ; gain = 554.633
---------------------------------------------------------------------------------
---------------------------------------------------------------------------------
Start Renaming Generated Instances
---------------------------------------------------------------------------------
---------------------------------------------------------------------------------
Finished Renaming Generated Instances : Time (s): cpu = 00:00:44 ; elapsed = 00:00:48 . Memory (MB): peak = 1980.453 ; gain = 554.633
---------------------------------------------------------------------------------
---------------------------------------------------------------------------------
Start Rebuilding User Hierarchy
---------------------------------------------------------------------------------
---------------------------------------------------------------------------------
Finished Rebuilding User Hierarchy : Time (s): cpu = 00:00:44 ; elapsed = 00:00:48 . Memory (MB): peak = 1980.453 ; gain = 554.633
---------------------------------------------------------------------------------
---------------------------------------------------------------------------------
Start Renaming Generated Ports
---------------------------------------------------------------------------------
---------------------------------------------------------------------------------
Finished Renaming Generated Ports : Time (s): cpu = 00:00:44 ; elapsed = 00:00:48 . Memory (MB): peak = 1980.453 ; gain = 554.633
---------------------------------------------------------------------------------
---------------------------------------------------------------------------------
Start Handling Custom Attributes
---------------------------------------------------------------------------------
---------------------------------------------------------------------------------
Finished Handling Custom Attributes : Time (s): cpu = 00:00:44 ; elapsed = 00:00:48 . Memory (MB): peak = 1980.453 ; gain = 554.633
---------------------------------------------------------------------------------
---------------------------------------------------------------------------------
Start Renaming Generated Nets
---------------------------------------------------------------------------------
---------------------------------------------------------------------------------
Finished Renaming Generated Nets : Time (s): cpu = 00:00:44 ; elapsed = 00:00:48 . Memory (MB): peak = 1980.453 ; gain = 554.633
---------------------------------------------------------------------------------
---------------------------------------------------------------------------------
Start Writing Synthesis Report
---------------------------------------------------------------------------------

Report BlackBoxes: 
+-+--------------+----------+
| |BlackBox name |Instances |
+-+--------------+----------+
+-+--------------+----------+

Report Cell Usage: 
+------+-------+------+
|      |Cell   |Count |
+------+-------+------+
|1     |BUFG   |     1|
|2     |CARRY4 |    15|
|3     |LUT1   |     3|
|4     |LUT2   |    12|
|5     |LUT3   |     3|
|6     |LUT4   |    20|
|7     |LUT5   |     3|
|8     |LUT6   |     2|
|9     |FDRE   |    36|
|10    |IBUF   |     3|
|11    |OBUF   |     8|
+------+-------+------+
---------------------------------------------------------------------------------
Finished Writing Synthesis Report : Time (s): cpu = 00:00:44 ; elapsed = 00:00:48 . Memory (MB): peak = 1980.453 ; gain = 554.633
---------------------------------------------------------------------------------
Synthesis finished with 0 errors, 1 critical warnings and 1 warnings.
Synthesis Optimization Runtime : Time (s): cpu = 00:00:30 ; elapsed = 00:00:45 . Memory (MB): peak = 1980.453 ; gain = 496.223
Synthesis Optimization Complete : Time (s): cpu = 00:00:44 ; elapsed = 00:00:48 . Memory (MB): peak = 1980.453 ; gain = 554.633
INFO: [Project 1-571] Translating synthesized netlist
Netlist sorting complete. Time (s): cpu = 00:00:00 ; elapsed = 00:00:00.002 . Memory (MB): peak = 1980.453 ; gain = 0.000
INFO: [Netlist 29-17] Analyzing 15 Unisim elements for replacement
INFO: [Netlist 29-28] Unisim Transformation completed in 0 CPU seconds
INFO: [Project 1-570] Preparing netlist for logic optimization
INFO: [Opt 31-138] Pushed 0 inverter(s) to 0 load pin(s).
Netlist sorting complete. Time (s): cpu = 00:00:00 ; elapsed = 00:00:00 . Memory (MB): peak = 1980.453 ; gain = 0.000
INFO: [Project 1-111] Unisim Transformation Summary:
No Unisim elements were transformed.

Synth Design complete, checksum: 1f90a9ae
INFO: [Common 17-83] Releasing license: Synthesis
22 Infos, 22 Warnings, 22 Critical Warnings and 0 Errors encountered.
synth_design completed successfully
synth_design: Time (s): cpu = 00:00:52 ; elapsed = 00:00:58 . Memory (MB): peak = 1980.453 ; gain = 950.234
INFO: [runtcl-6] Synthesis results are not added to the cache due to CRITICAL_WARNING
INFO: [Common 17-1381] The checkpoint 'D:/GIT/fpga_temelli_gomulu_sistem_tasarimi/fpga_temelli_gomulu_sistem_tasarimi/fpga_temelli_gomulu_sistem_tasarimi.runs/synth_1/timer_counter.dcp' has been generated.
INFO: [runtcl-4] Executing : report_utilization -file timer_counter_utilization_synth.rpt -pb timer_counter_utilization_synth.pb
INFO: [Common 17-206] Exiting Vivado at Sun May  4 17:20:45 2025...
