
*** Running vivado
    with args -log top_module.vdi -applog -m64 -product Vivado -messageDb vivado.pb -mode batch -source top_module.tcl -notrace



****** Vivado v2022.2 (64-bit)
  **** SW Build 3671981 on Fri Oct 14 05:00:03 MDT 2022
  **** IP Build 3669848 on Fri Oct 14 08:30:02 MDT 2022
    ** Copyright 1986-2022 Xilinx, Inc. All Rights Reserved.

source top_module.tcl -notrace
create_project: Time (s): cpu = 00:00:07 ; elapsed = 00:00:08 . Memory (MB): peak = 1000.977 ; gain = 116.668
Command: link_design -top top_module -part xc7a100tcsg324-1
Design is defaulting to srcset: sources_1
Design is defaulting to constrset: constrs_1
INFO: [Device 21-403] Loading part xc7a100tcsg324-1
Netlist sorting complete. Time (s): cpu = 00:00:00 ; elapsed = 00:00:00.006 . Memory (MB): peak = 1423.684 ; gain = 0.000
INFO: [Netlist 29-17] Analyzing 27 Unisim elements for replacement
INFO: [Netlist 29-28] Unisim Transformation completed in 1 CPU seconds
INFO: [Project 1-479] Netlist was created with Vivado 2022.2
INFO: [Project 1-570] Preparing netlist for logic optimization
Parsing XDC File [D:/GIT/fpga_temelli_gomulu_sistem_tasarimi/vga_proje/vga_proje.srcs/constrs_1/new/vga_nexys_A7.xdc]
Finished Parsing XDC File [D:/GIT/fpga_temelli_gomulu_sistem_tasarimi/vga_proje/vga_proje.srcs/constrs_1/new/vga_nexys_A7.xdc]
INFO: [Opt 31-138] Pushed 0 inverter(s) to 0 load pin(s).
Netlist sorting complete. Time (s): cpu = 00:00:00 ; elapsed = 00:00:00 . Memory (MB): peak = 1555.355 ; gain = 0.000
INFO: [Project 1-111] Unisim Transformation Summary:
No Unisim elements were transformed.

7 Infos, 0 Warnings, 0 Critical Warnings and 0 Errors encountered.
link_design completed successfully
link_design: Time (s): cpu = 00:00:08 ; elapsed = 00:00:11 . Memory (MB): peak = 1555.355 ; gain = 546.406
Command: opt_design
Attempting to get a license for feature 'Implementation' and/or device 'xc7a100t'
INFO: [Common 17-349] Got license for feature 'Implementation' and/or device 'xc7a100t'
Running DRC as a precondition to command opt_design

Starting DRC Task
INFO: [DRC 23-27] Running DRC with 2 threads
INFO: [Project 1-461] DRC finished with 0 Errors
INFO: [Project 1-462] Please refer to the DRC report (report_drc) for more information.

Time (s): cpu = 00:00:03 ; elapsed = 00:00:02 . Memory (MB): peak = 1577.320 ; gain = 21.965

Starting Cache Timing Information Task
INFO: [Timing 38-35] Done setting XDC timing constraints.
Ending Cache Timing Information Task | Checksum: 1bf61ea77

Time (s): cpu = 00:00:10 ; elapsed = 00:00:11 . Memory (MB): peak = 2062.043 ; gain = 484.723

Starting Logic Optimization Task

Phase 1 Retarget
INFO: [Opt 31-138] Pushed 0 inverter(s) to 0 load pin(s).
INFO: [Opt 31-49] Retargeted 0 cell(s).
Phase 1 Retarget | Checksum: 1bf61ea77

Time (s): cpu = 00:00:00 ; elapsed = 00:00:00.085 . Memory (MB): peak = 2404.715 ; gain = 0.000
INFO: [Opt 31-389] Phase Retarget created 0 cells and removed 0 cells

Phase 2 Constant propagation
INFO: [Opt 31-138] Pushed 0 inverter(s) to 0 load pin(s).
Phase 2 Constant propagation | Checksum: 1bf61ea77

Time (s): cpu = 00:00:00 ; elapsed = 00:00:00.093 . Memory (MB): peak = 2404.715 ; gain = 0.000
INFO: [Opt 31-389] Phase Constant propagation created 0 cells and removed 0 cells

Phase 3 Sweep
Phase 3 Sweep | Checksum: 1eafe88aa

Time (s): cpu = 00:00:00 ; elapsed = 00:00:00.106 . Memory (MB): peak = 2404.715 ; gain = 0.000
INFO: [Opt 31-389] Phase Sweep created 0 cells and removed 0 cells

Phase 4 BUFG optimization
Phase 4 BUFG optimization | Checksum: 1eafe88aa

Time (s): cpu = 00:00:00 ; elapsed = 00:00:00.162 . Memory (MB): peak = 2404.715 ; gain = 0.000
INFO: [Opt 31-662] Phase BUFG optimization created 0 cells of which 0 are BUFGs and removed 0 cells.

Phase 5 Shift Register Optimization
INFO: [Opt 31-1064] SRL Remap converted 0 SRLs to 0 registers and converted 0 registers of register chains to 0 SRLs
Phase 5 Shift Register Optimization | Checksum: 1eafe88aa

Time (s): cpu = 00:00:00 ; elapsed = 00:00:00.167 . Memory (MB): peak = 2404.715 ; gain = 0.000
INFO: [Opt 31-389] Phase Shift Register Optimization created 0 cells and removed 0 cells

Phase 6 Post Processing Netlist
Phase 6 Post Processing Netlist | Checksum: 1eafe88aa

Time (s): cpu = 00:00:00 ; elapsed = 00:00:00.172 . Memory (MB): peak = 2404.715 ; gain = 0.000
INFO: [Opt 31-389] Phase Post Processing Netlist created 0 cells and removed 0 cells
Opt_design Change Summary
=========================


-------------------------------------------------------------------------------------------------------------------------
|  Phase                        |  #Cells created  |  #Cells Removed  |  #Constrained objects preventing optimizations  |
-------------------------------------------------------------------------------------------------------------------------
|  Retarget                     |               0  |               0  |                                              0  |
|  Constant propagation         |               0  |               0  |                                              0  |
|  Sweep                        |               0  |               0  |                                              0  |
|  BUFG optimization            |               0  |               0  |                                              0  |
|  Shift Register Optimization  |               0  |               0  |                                              0  |
|  Post Processing Netlist      |               0  |               0  |                                              0  |
-------------------------------------------------------------------------------------------------------------------------



Starting Connectivity Check Task

Time (s): cpu = 00:00:00 ; elapsed = 00:00:00.005 . Memory (MB): peak = 2404.715 ; gain = 0.000
Ending Logic Optimization Task | Checksum: 1a1552603

Time (s): cpu = 00:00:00 ; elapsed = 00:00:00.198 . Memory (MB): peak = 2404.715 ; gain = 0.000

Starting Power Optimization Task
INFO: [Pwropt 34-132] Skipping clock gating for clocks with a period < 2.00 ns.
Ending Power Optimization Task | Checksum: 1a1552603

Time (s): cpu = 00:00:00 ; elapsed = 00:00:00.022 . Memory (MB): peak = 2404.715 ; gain = 0.000

Starting Final Cleanup Task
Ending Final Cleanup Task | Checksum: 1a1552603

Time (s): cpu = 00:00:00 ; elapsed = 00:00:00 . Memory (MB): peak = 2404.715 ; gain = 0.000

Starting Netlist Obfuscation Task
Netlist sorting complete. Time (s): cpu = 00:00:00 ; elapsed = 00:00:00 . Memory (MB): peak = 2404.715 ; gain = 0.000
Ending Netlist Obfuscation Task | Checksum: 1a1552603

Time (s): cpu = 00:00:00 ; elapsed = 00:00:00.001 . Memory (MB): peak = 2404.715 ; gain = 0.000
INFO: [Common 17-83] Releasing license: Implementation
24 Infos, 0 Warnings, 0 Critical Warnings and 0 Errors encountered.
opt_design completed successfully
opt_design: Time (s): cpu = 00:00:18 ; elapsed = 00:00:17 . Memory (MB): peak = 2404.715 ; gain = 849.359
INFO: [Timing 38-480] Writing timing data to binary archive.
Writing XDEF routing.
Writing XDEF routing logical nets.
Writing XDEF routing special nets.
Write XDEF Complete: Time (s): cpu = 00:00:00 ; elapsed = 00:00:00.057 . Memory (MB): peak = 2404.715 ; gain = 0.000
INFO: [Common 17-1381] The checkpoint 'D:/GIT/fpga_temelli_gomulu_sistem_tasarimi/vga_proje/vga_proje.runs/impl_1/top_module_opt.dcp' has been generated.
INFO: [runtcl-4] Executing : report_drc -file top_module_drc_opted.rpt -pb top_module_drc_opted.pb -rpx top_module_drc_opted.rpx
Command: report_drc -file top_module_drc_opted.rpt -pb top_module_drc_opted.pb -rpx top_module_drc_opted.rpx
INFO: [IP_Flow 19-234] Refreshing IP repositories
INFO: [IP_Flow 19-1704] No user IP repositories specified
INFO: [IP_Flow 19-2313] Loaded Vivado IP repository 'C:/Xilinx/Vivado/2022.2/data/ip'.
INFO: [DRC 23-27] Running DRC with 2 threads
INFO: [Vivado_Tcl 2-168] The results of DRC are in file D:/GIT/fpga_temelli_gomulu_sistem_tasarimi/vga_proje/vga_proje.runs/impl_1/top_module_drc_opted.rpt.
report_drc completed successfully
Command: place_design
Attempting to get a license for feature 'Implementation' and/or device 'xc7a100t'
INFO: [Common 17-349] Got license for feature 'Implementation' and/or device 'xc7a100t'
INFO: [DRC 23-27] Running DRC with 2 threads
INFO: [Vivado_Tcl 4-198] DRC finished with 0 Errors
INFO: [Vivado_Tcl 4-199] Please refer to the DRC report (report_drc) for more information.
Running DRC as a precondition to command place_design
INFO: [DRC 23-27] Running DRC with 2 threads
INFO: [Vivado_Tcl 4-198] DRC finished with 0 Errors
INFO: [Vivado_Tcl 4-199] Please refer to the DRC report (report_drc) for more information.

Starting Placer Task
INFO: [Place 30-611] Multithreading enabled for place_design using a maximum of 2 CPUs

Phase 1 Placer Initialization

Phase 1.1 Placer Initialization Netlist Sorting
Netlist sorting complete. Time (s): cpu = 00:00:00 ; elapsed = 00:00:00 . Memory (MB): peak = 2404.715 ; gain = 0.000
Phase 1.1 Placer Initialization Netlist Sorting | Checksum: e2b59c00

Time (s): cpu = 00:00:00 ; elapsed = 00:00:00.026 . Memory (MB): peak = 2404.715 ; gain = 0.000
Netlist sorting complete. Time (s): cpu = 00:00:00 ; elapsed = 00:00:00 . Memory (MB): peak = 2404.715 ; gain = 0.000

Phase 1.2 IO Placement/ Clock Placement/ Build Placer Device
INFO: [Timing 38-35] Done setting XDC timing constraints.
Phase 1.2 IO Placement/ Clock Placement/ Build Placer Device | Checksum: 14ee3182c

Time (s): cpu = 00:00:01 ; elapsed = 00:00:00.652 . Memory (MB): peak = 2404.715 ; gain = 0.000

Phase 1.3 Build Placer Netlist Model
Phase 1.3 Build Placer Netlist Model | Checksum: 1f0350c8c

Time (s): cpu = 00:00:01 ; elapsed = 00:00:01 . Memory (MB): peak = 2404.715 ; gain = 0.000

Phase 1.4 Constrain Clocks/Macros
Phase 1.4 Constrain Clocks/Macros | Checksum: 1f0350c8c

Time (s): cpu = 00:00:01 ; elapsed = 00:00:01 . Memory (MB): peak = 2404.715 ; gain = 0.000
Phase 1 Placer Initialization | Checksum: 1f0350c8c

Time (s): cpu = 00:00:01 ; elapsed = 00:00:01 . Memory (MB): peak = 2404.715 ; gain = 0.000

Phase 2 Global Placement

Phase 2.1 Floorplanning
Phase 2.1 Floorplanning | Checksum: 23699c08d

Time (s): cpu = 00:00:02 ; elapsed = 00:00:01 . Memory (MB): peak = 2404.715 ; gain = 0.000

Phase 2.2 Update Timing before SLR Path Opt
Phase 2.2 Update Timing before SLR Path Opt | Checksum: 205e08cb1

Time (s): cpu = 00:00:02 ; elapsed = 00:00:01 . Memory (MB): peak = 2404.715 ; gain = 0.000

Phase 2.3 Post-Processing in Floorplanning
Phase 2.3 Post-Processing in Floorplanning | Checksum: 205e08cb1

Time (s): cpu = 00:00:02 ; elapsed = 00:00:01 . Memory (MB): peak = 2404.715 ; gain = 0.000

Phase 2.4 Global Placement Core

Phase 2.4.1 UpdateTiming Before Physical Synthesis
Phase 2.4.1 UpdateTiming Before Physical Synthesis | Checksum: 25d35263d

Time (s): cpu = 00:00:12 ; elapsed = 00:00:07 . Memory (MB): peak = 2404.715 ; gain = 0.000

Phase 2.4.2 Physical Synthesis In Placer
INFO: [Physopt 32-1035] Found 0 LUTNM shape to break, 5 LUT instances to create LUTNM shape
INFO: [Physopt 32-1044] Break lutnm for timing: one critical 0, two critical 0, total 0, new lutff created 0
INFO: [Physopt 32-1138] End 1 Pass. Optimized 2 nets or LUTs. Breaked 0 LUT, combined 2 existing LUTs and moved 0 existing LUT
INFO: [Physopt 32-65] No nets found for high-fanout optimization.
INFO: [Physopt 32-232] Optimized 0 net. Created 0 new instance.
INFO: [Physopt 32-775] End 1 Pass. Optimized 0 net or cell. Created 0 new cell, deleted 0 existing cell and moved 0 existing cell
INFO: [Physopt 32-456] No candidate cells for DSP register optimization found in the design.
INFO: [Physopt 32-775] End 2 Pass. Optimized 0 net or cell. Created 0 new cell, deleted 0 existing cell and moved 0 existing cell
INFO: [Physopt 32-1123] No candidate cells found for Shift Register to Pipeline optimization
INFO: [Physopt 32-775] End 2 Pass. Optimized 0 net or cell. Created 0 new cell, deleted 0 existing cell and moved 0 existing cell
INFO: [Physopt 32-677] No candidate cells for Shift Register optimization found in the design
INFO: [Physopt 32-775] End 1 Pass. Optimized 0 net or cell. Created 0 new cell, deleted 0 existing cell and moved 0 existing cell
INFO: [Physopt 32-526] No candidate cells for BRAM register optimization found in the design
INFO: [Physopt 32-775] End 1 Pass. Optimized 0 net or cell. Created 0 new cell, deleted 0 existing cell and moved 0 existing cell
INFO: [Physopt 32-846] No candidate cells for URAM register optimization found in the design
INFO: [Physopt 32-775] End 2 Pass. Optimized 0 net or cell. Created 0 new cell, deleted 0 existing cell and moved 0 existing cell
INFO: [Physopt 32-949] No candidate nets found for dynamic/static region interface net replication
INFO: [Physopt 32-775] End 1 Pass. Optimized 0 net or cell. Created 0 new cell, deleted 0 existing cell and moved 0 existing cell
Netlist sorting complete. Time (s): cpu = 00:00:00 ; elapsed = 00:00:00 . Memory (MB): peak = 2404.715 ; gain = 0.000

Summary of Physical Synthesis Optimizations
============================================


-----------------------------------------------------------------------------------------------------------------------------------------------------------
|  Optimization                                     |  Added Cells  |  Removed Cells  |  Optimized Cells/Nets  |  Dont Touch  |  Iterations  |  Elapsed   |
-----------------------------------------------------------------------------------------------------------------------------------------------------------
|  LUT Combining                                    |            0  |              2  |                     2  |           0  |           1  |  00:00:00  |
|  Retime                                           |            0  |              0  |                     0  |           0  |           1  |  00:00:00  |
|  Very High Fanout                                 |            0  |              0  |                     0  |           0  |           1  |  00:00:00  |
|  DSP Register                                     |            0  |              0  |                     0  |           0  |           1  |  00:00:00  |
|  Shift Register to Pipeline                       |            0  |              0  |                     0  |           0  |           1  |  00:00:00  |
|  Shift Register                                   |            0  |              0  |                     0  |           0  |           1  |  00:00:00  |
|  BRAM Register                                    |            0  |              0  |                     0  |           0  |           1  |  00:00:00  |
|  URAM Register                                    |            0  |              0  |                     0  |           0  |           1  |  00:00:00  |
|  Dynamic/Static Region Interface Net Replication  |            0  |              0  |                     0  |           0  |           1  |  00:00:00  |
|  Total                                            |            0  |              2  |                     2  |           0  |           9  |  00:00:00  |
-----------------------------------------------------------------------------------------------------------------------------------------------------------


Phase 2.4.2 Physical Synthesis In Placer | Checksum: 203e4a7ed

Time (s): cpu = 00:00:13 ; elapsed = 00:00:07 . Memory (MB): peak = 2404.715 ; gain = 0.000
Phase 2.4 Global Placement Core | Checksum: 2a430c2ad

Time (s): cpu = 00:00:13 ; elapsed = 00:00:07 . Memory (MB): peak = 2404.715 ; gain = 0.000
Phase 2 Global Placement | Checksum: 2a430c2ad

Time (s): cpu = 00:00:13 ; elapsed = 00:00:07 . Memory (MB): peak = 2404.715 ; gain = 0.000

Phase 3 Detail Placement

Phase 3.1 Commit Multi Column Macros
Phase 3.1 Commit Multi Column Macros | Checksum: 28f8e5f9b

Time (s): cpu = 00:00:13 ; elapsed = 00:00:07 . Memory (MB): peak = 2404.715 ; gain = 0.000

Phase 3.2 Commit Most Macros & LUTRAMs
Phase 3.2 Commit Most Macros & LUTRAMs | Checksum: f9a4158e

Time (s): cpu = 00:00:13 ; elapsed = 00:00:07 . Memory (MB): peak = 2404.715 ; gain = 0.000

Phase 3.3 Area Swap Optimization
Phase 3.3 Area Swap Optimization | Checksum: 17213ece9

Time (s): cpu = 00:00:13 ; elapsed = 00:00:07 . Memory (MB): peak = 2404.715 ; gain = 0.000

Phase 3.4 Pipeline Register Optimization
Phase 3.4 Pipeline Register Optimization | Checksum: 153811851

Time (s): cpu = 00:00:13 ; elapsed = 00:00:07 . Memory (MB): peak = 2404.715 ; gain = 0.000

Phase 3.5 Fast Optimization
Phase 3.5 Fast Optimization | Checksum: 18a62b870

Time (s): cpu = 00:00:14 ; elapsed = 00:00:08 . Memory (MB): peak = 2404.715 ; gain = 0.000

Phase 3.6 Small Shape Detail Placement
Phase 3.6 Small Shape Detail Placement | Checksum: 218aff489

Time (s): cpu = 00:00:15 ; elapsed = 00:00:09 . Memory (MB): peak = 2404.715 ; gain = 0.000

Phase 3.7 Re-assign LUT pins
Phase 3.7 Re-assign LUT pins | Checksum: 1a84a6a69

Time (s): cpu = 00:00:15 ; elapsed = 00:00:09 . Memory (MB): peak = 2404.715 ; gain = 0.000

Phase 3.8 Pipeline Register Optimization
Phase 3.8 Pipeline Register Optimization | Checksum: 1c6e536d1

Time (s): cpu = 00:00:15 ; elapsed = 00:00:09 . Memory (MB): peak = 2404.715 ; gain = 0.000

Phase 3.9 Fast Optimization
Phase 3.9 Fast Optimization | Checksum: 24265d0b7

Time (s): cpu = 00:00:15 ; elapsed = 00:00:09 . Memory (MB): peak = 2404.715 ; gain = 0.000
Phase 3 Detail Placement | Checksum: 24265d0b7

Time (s): cpu = 00:00:15 ; elapsed = 00:00:09 . Memory (MB): peak = 2404.715 ; gain = 0.000

Phase 4 Post Placement Optimization and Clean-Up

Phase 4.1 Post Commit Optimization
INFO: [Timing 38-35] Done setting XDC timing constraints.

Phase 4.1.1 Post Placement Optimization
Post Placement Optimization Initialization | Checksum: 1e7c5ab2f

Phase 4.1.1.1 BUFG Insertion

Starting Physical Synthesis Task

Phase 1 Physical Synthesis Initialization
INFO: [Physopt 32-721] Multithreading enabled for phys_opt_design using a maximum of 2 CPUs
INFO: [Physopt 32-619] Estimated Timing Summary | WNS=-2.393 | TNS=-6.921 |
Phase 1 Physical Synthesis Initialization | Checksum: 2017a127c

Time (s): cpu = 00:00:00 ; elapsed = 00:00:00.047 . Memory (MB): peak = 2418.152 ; gain = 0.000
INFO: [Place 46-56] BUFG insertion identified 0 candidate nets. Inserted BUFG: 0, Replicated BUFG Driver: 0, Skipped due to Placement/Routing Conflicts: 0, Skipped due to Timing Degradation: 0, Skipped due to Illegal Netlist: 0.
Ending Physical Synthesis Task | Checksum: 1d7bcd3d2

Time (s): cpu = 00:00:00 ; elapsed = 00:00:00.052 . Memory (MB): peak = 2418.152 ; gain = 0.000
Phase 4.1.1.1 BUFG Insertion | Checksum: 1e7c5ab2f

Time (s): cpu = 00:00:16 ; elapsed = 00:00:10 . Memory (MB): peak = 2418.152 ; gain = 13.438

Phase 4.1.1.2 Post Placement Timing Optimization
INFO: [Place 30-746] Post Placement Timing Summary WNS=-1.852. For the most accurate timing information please run report_timing.
Phase 4.1.1.2 Post Placement Timing Optimization | Checksum: 18b68f3ce

Time (s): cpu = 00:00:24 ; elapsed = 00:00:19 . Memory (MB): peak = 2418.152 ; gain = 13.438

Time (s): cpu = 00:00:24 ; elapsed = 00:00:19 . Memory (MB): peak = 2418.152 ; gain = 13.438
Phase 4.1 Post Commit Optimization | Checksum: 18b68f3ce

Time (s): cpu = 00:00:24 ; elapsed = 00:00:19 . Memory (MB): peak = 2418.152 ; gain = 13.438

Phase 4.2 Post Placement Cleanup
Phase 4.2 Post Placement Cleanup | Checksum: 18b68f3ce

Time (s): cpu = 00:00:24 ; elapsed = 00:00:19 . Memory (MB): peak = 2418.152 ; gain = 13.438

Phase 4.3 Placer Reporting

Phase 4.3.1 Print Estimated Congestion
INFO: [Place 30-612] Post-Placement Estimated Congestion 
 ____________________________________________________
|           | Global Congestion | Short Congestion  |
| Direction | Region Size       | Region Size       |
|___________|___________________|___________________|
|      North|                1x1|                1x1|
|___________|___________________|___________________|
|      South|                1x1|                1x1|
|___________|___________________|___________________|
|       East|                1x1|                1x1|
|___________|___________________|___________________|
|       West|                1x1|                1x1|
|___________|___________________|___________________|

Phase 4.3.1 Print Estimated Congestion | Checksum: 18b68f3ce

Time (s): cpu = 00:00:24 ; elapsed = 00:00:19 . Memory (MB): peak = 2418.152 ; gain = 13.438
Phase 4.3 Placer Reporting | Checksum: 18b68f3ce

Time (s): cpu = 00:00:24 ; elapsed = 00:00:19 . Memory (MB): peak = 2418.152 ; gain = 13.438

Phase 4.4 Final Placement Cleanup
Netlist sorting complete. Time (s): cpu = 00:00:00 ; elapsed = 00:00:00 . Memory (MB): peak = 2418.152 ; gain = 0.000

Time (s): cpu = 00:00:24 ; elapsed = 00:00:19 . Memory (MB): peak = 2418.152 ; gain = 13.438
Phase 4 Post Placement Optimization and Clean-Up | Checksum: 1fd3c8fcd

Time (s): cpu = 00:00:24 ; elapsed = 00:00:19 . Memory (MB): peak = 2418.152 ; gain = 13.438
Ending Placer Task | Checksum: 140fdd55e

Time (s): cpu = 00:00:24 ; elapsed = 00:00:19 . Memory (MB): peak = 2418.152 ; gain = 13.438
INFO: [Common 17-83] Releasing license: Implementation
66 Infos, 0 Warnings, 0 Critical Warnings and 0 Errors encountered.
place_design completed successfully
place_design: Time (s): cpu = 00:00:27 ; elapsed = 00:00:21 . Memory (MB): peak = 2418.152 ; gain = 13.438
INFO: [Timing 38-480] Writing timing data to binary archive.
Writing XDEF routing.
Writing XDEF routing logical nets.
Writing XDEF routing special nets.
Write XDEF Complete: Time (s): cpu = 00:00:00 ; elapsed = 00:00:00.111 . Memory (MB): peak = 2418.234 ; gain = 0.082
INFO: [Common 17-1381] The checkpoint 'D:/GIT/fpga_temelli_gomulu_sistem_tasarimi/vga_proje/vga_proje.runs/impl_1/top_module_placed.dcp' has been generated.
INFO: [runtcl-4] Executing : report_io -file top_module_io_placed.rpt
report_io: Time (s): cpu = 00:00:00 ; elapsed = 00:00:00.057 . Memory (MB): peak = 2418.234 ; gain = 0.000
INFO: [runtcl-4] Executing : report_utilization -file top_module_utilization_placed.rpt -pb top_module_utilization_placed.pb
INFO: [runtcl-4] Executing : report_control_sets -verbose -file top_module_control_sets_placed.rpt
report_control_sets: Time (s): cpu = 00:00:00 ; elapsed = 00:00:00.003 . Memory (MB): peak = 2418.234 ; gain = 0.000
Command: phys_opt_design
Attempting to get a license for feature 'Implementation' and/or device 'xc7a100t'
INFO: [Common 17-349] Got license for feature 'Implementation' and/or device 'xc7a100t'

Starting Initial Update Timing Task

Time (s): cpu = 00:00:00 ; elapsed = 00:00:00.114 . Memory (MB): peak = 2418.234 ; gain = 0.000
INFO: [Vivado_Tcl 4-1435] PhysOpt_Tcl_Interface Runtime Before Starting Physical Synthesis Task | CPU: 0.00s |  WALL: 0.13s
Netlist sorting complete. Time (s): cpu = 00:00:00 ; elapsed = 00:00:00 . Memory (MB): peak = 2418.234 ; gain = 0.000

Starting Physical Synthesis Task

Phase 1 Physical Synthesis Initialization
INFO: [Physopt 32-721] Multithreading enabled for phys_opt_design using a maximum of 2 CPUs
INFO: [Physopt 32-619] Estimated Timing Summary | WNS=-1.852 | TNS=-5.508 |
Phase 1 Physical Synthesis Initialization | Checksum: 1513ca2bd

Time (s): cpu = 00:00:01 ; elapsed = 00:00:00.233 . Memory (MB): peak = 2418.234 ; gain = 0.000
INFO: [Physopt 32-619] Estimated Timing Summary | WNS=-1.852 | TNS=-5.508 |

Phase 2 DSP Register Optimization
INFO: [Physopt 32-456] No candidate cells for DSP register optimization found in the design.
INFO: [Physopt 32-775] End 2 Pass. Optimized 0 net or cell. Created 0 new cell, deleted 0 existing cell and moved 0 existing cell
Phase 2 DSP Register Optimization | Checksum: 1513ca2bd

Time (s): cpu = 00:00:01 ; elapsed = 00:00:00.246 . Memory (MB): peak = 2418.234 ; gain = 0.000

Phase 3 Critical Path Optimization
INFO: [Physopt 32-619] Estimated Timing Summary | WNS=-1.852 | TNS=-5.508 |
INFO: [Physopt 32-702] Processed net drawer_inst/vga_green_OBUF. Optimizations did not improve timing on the net.
INFO: [Physopt 32-663] Processed net move_controller_inst/Q[1].  Re-placed instance move_controller_inst/x_pos_reg[2]
INFO: [Physopt 32-735] Processed net move_controller_inst/Q[1]. Optimization improves timing on the net.
INFO: [Physopt 32-619] Estimated Timing Summary | WNS=-1.823 | TNS=-5.421 |
INFO: [Physopt 32-663] Processed net move_controller_inst/Q[0].  Re-placed instance move_controller_inst/x_pos_reg[1]
INFO: [Physopt 32-735] Processed net move_controller_inst/Q[0]. Optimization improves timing on the net.
INFO: [Physopt 32-619] Estimated Timing Summary | WNS=-1.683 | TNS=-5.001 |
INFO: [Physopt 32-702] Processed net move_controller_inst/Q[0]. Optimizations did not improve timing on the net.
INFO: [Physopt 32-702] Processed net drawer_inst/CO[0]. Optimizations did not improve timing on the net.
INFO: [Physopt 32-702] Processed net drawer_inst/pixel_r1_inferred__0/i__carry__0_n_0. Optimizations did not improve timing on the net.
INFO: [Physopt 32-702] Processed net drawer_inst/pixel_r1_inferred__0/i__carry_n_0. Optimizations did not improve timing on the net.
INFO: [Physopt 32-702] Processed net drawer_inst/i__carry_i_1__1_n_0. Optimizations did not improve timing on the net.
INFO: [Physopt 32-608] Optimized 1 net.  Swapped 12 pins.
INFO: [Physopt 32-735] Processed net parser_inst/shape_type_reg[1]_2. Optimization improves timing on the net.
INFO: [Physopt 32-619] Estimated Timing Summary | WNS=-1.681 | TNS=-4.895 |
INFO: [Physopt 32-702] Processed net drawer_inst/vga_blue_OBUF. Optimizations did not improve timing on the net.
INFO: [Physopt 32-608] Optimized 1 net.  Swapped 12 pins.
INFO: [Physopt 32-735] Processed net parser_inst/shape_type_reg[1]_3. Optimization improves timing on the net.
INFO: [Physopt 32-619] Estimated Timing Summary | WNS=-1.636 | TNS=-4.787 |
INFO: [Physopt 32-702] Processed net drawer_inst/vga_red_OBUF. Optimizations did not improve timing on the net.
INFO: [Physopt 32-608] Optimized 1 net.  Swapped 6 pins.
INFO: [Physopt 32-735] Processed net parser_inst/shape_type_reg[1]_0. Optimization improves timing on the net.
INFO: [Physopt 32-619] Estimated Timing Summary | WNS=-1.577 | TNS=-4.688 |
INFO: [Physopt 32-702] Processed net parser_inst/shape_type_reg[1]_2. Optimizations did not improve timing on the net.
INFO: [Physopt 32-702] Processed net drawer_inst/pixel_r2_n_105. Optimizations did not improve timing on the net.
INFO: [Physopt 32-702] Processed net drawer_inst/pixel_r3_i_1_n_0. Optimizations did not improve timing on the net.
INFO: [Physopt 32-702] Processed net drawer_inst/pixel_r6_inferred__0/i__carry__1_n_1. Optimizations did not improve timing on the net.
INFO: [Physopt 32-702] Processed net drawer_inst/pixel_r6_inferred__0/i__carry__0_n_0. Optimizations did not improve timing on the net.
INFO: [Physopt 32-702] Processed net drawer_inst/pixel_r6_inferred__0/i__carry_n_0. Optimizations did not improve timing on the net.
INFO: [Physopt 32-702] Processed net vga_sync_inst/h_count_reg[3]_0[1]. Optimizations did not improve timing on the net.
INFO: [Physopt 32-702] Processed net drawer_inst/pixel_r3_n_106. Optimizations did not improve timing on the net.
INFO: [Physopt 32-702] Processed net clk_100mhz_IBUF. Optimizations did not improve timing on the net.
INFO: [Physopt 32-702] Processed net clk_100mhz. Optimizations did not improve timing on the net.
INFO: [Physopt 32-702] Processed net drawer_inst/vga_green_OBUF. Optimizations did not improve timing on the net.
INFO: [Physopt 32-702] Processed net move_controller_inst/Q[0]. Optimizations did not improve timing on the net.
INFO: [Physopt 32-702] Processed net drawer_inst/CO[0]. Optimizations did not improve timing on the net.
INFO: [Physopt 32-702] Processed net drawer_inst/i__carry_i_1__1_n_0. Optimizations did not improve timing on the net.
INFO: [Physopt 32-702] Processed net parser_inst/shape_type_reg[1]_2. Optimizations did not improve timing on the net.
INFO: [Physopt 32-702] Processed net drawer_inst/pixel_r2_n_105. Optimizations did not improve timing on the net.
INFO: [Physopt 32-702] Processed net drawer_inst/pixel_r3_i_1_n_0. Optimizations did not improve timing on the net.
INFO: [Physopt 32-702] Processed net drawer_inst/pixel_r6_inferred__0/i__carry__1_n_1. Optimizations did not improve timing on the net.
INFO: [Physopt 32-702] Processed net vga_sync_inst/h_count_reg[3]_0[1]. Optimizations did not improve timing on the net.
INFO: [Physopt 32-702] Processed net clk_100mhz_IBUF. Optimizations did not improve timing on the net.
INFO: [Physopt 32-702] Processed net clk_100mhz. Optimizations did not improve timing on the net.
INFO: [Physopt 32-619] Estimated Timing Summary | WNS=-1.577 | TNS=-4.688 |
Phase 3 Critical Path Optimization | Checksum: 1513ca2bd

Time (s): cpu = 00:00:03 ; elapsed = 00:00:02 . Memory (MB): peak = 2418.234 ; gain = 0.000

Phase 4 Critical Path Optimization
INFO: [Physopt 32-619] Estimated Timing Summary | WNS=-1.577 | TNS=-4.688 |
INFO: [Physopt 32-702] Processed net drawer_inst/vga_green_OBUF. Optimizations did not improve timing on the net.
INFO: [Physopt 32-702] Processed net move_controller_inst/Q[0]. Optimizations did not improve timing on the net.
INFO: [Physopt 32-702] Processed net drawer_inst/CO[0]. Optimizations did not improve timing on the net.
INFO: [Physopt 32-702] Processed net drawer_inst/pixel_r1_inferred__0/i__carry__0_n_0. Optimizations did not improve timing on the net.
INFO: [Physopt 32-702] Processed net drawer_inst/pixel_r1_inferred__0/i__carry_n_0. Optimizations did not improve timing on the net.
INFO: [Physopt 32-702] Processed net drawer_inst/i__carry_i_1__1_n_0. Optimizations did not improve timing on the net.
INFO: [Physopt 32-702] Processed net parser_inst/shape_type_reg[1]_2. Optimizations did not improve timing on the net.
INFO: [Physopt 32-702] Processed net drawer_inst/pixel_r2_n_105. Optimizations did not improve timing on the net.
INFO: [Physopt 32-702] Processed net drawer_inst/pixel_r3_i_1_n_0. Optimizations did not improve timing on the net.
INFO: [Physopt 32-702] Processed net drawer_inst/pixel_r6_inferred__0/i__carry__1_n_1. Optimizations did not improve timing on the net.
INFO: [Physopt 32-702] Processed net drawer_inst/pixel_r6_inferred__0/i__carry__0_n_0. Optimizations did not improve timing on the net.
INFO: [Physopt 32-702] Processed net drawer_inst/pixel_r6_inferred__0/i__carry_n_0. Optimizations did not improve timing on the net.
INFO: [Physopt 32-702] Processed net vga_sync_inst/h_count_reg[3]_0[1]. Optimizations did not improve timing on the net.
INFO: [Physopt 32-702] Processed net drawer_inst/pixel_r3_n_106. Optimizations did not improve timing on the net.
INFO: [Physopt 32-702] Processed net clk_100mhz_IBUF. Optimizations did not improve timing on the net.
INFO: [Physopt 32-702] Processed net clk_100mhz. Optimizations did not improve timing on the net.
INFO: [Physopt 32-702] Processed net drawer_inst/vga_green_OBUF. Optimizations did not improve timing on the net.
INFO: [Physopt 32-702] Processed net move_controller_inst/Q[0]. Optimizations did not improve timing on the net.
INFO: [Physopt 32-702] Processed net drawer_inst/CO[0]. Optimizations did not improve timing on the net.
INFO: [Physopt 32-702] Processed net drawer_inst/i__carry_i_1__1_n_0. Optimizations did not improve timing on the net.
INFO: [Physopt 32-702] Processed net parser_inst/shape_type_reg[1]_2. Optimizations did not improve timing on the net.
INFO: [Physopt 32-702] Processed net drawer_inst/pixel_r2_n_105. Optimizations did not improve timing on the net.
INFO: [Physopt 32-702] Processed net drawer_inst/pixel_r3_i_1_n_0. Optimizations did not improve timing on the net.
INFO: [Physopt 32-702] Processed net drawer_inst/pixel_r6_inferred__0/i__carry__1_n_1. Optimizations did not improve timing on the net.
INFO: [Physopt 32-702] Processed net vga_sync_inst/h_count_reg[3]_0[1]. Optimizations did not improve timing on the net.
INFO: [Physopt 32-702] Processed net clk_100mhz_IBUF. Optimizations did not improve timing on the net.
INFO: [Physopt 32-702] Processed net clk_100mhz. Optimizations did not improve timing on the net.
INFO: [Physopt 32-619] Estimated Timing Summary | WNS=-1.577 | TNS=-4.688 |
Phase 4 Critical Path Optimization | Checksum: 1513ca2bd

Time (s): cpu = 00:00:05 ; elapsed = 00:00:03 . Memory (MB): peak = 2418.234 ; gain = 0.000
Netlist sorting complete. Time (s): cpu = 00:00:00 ; elapsed = 00:00:00 . Memory (MB): peak = 2418.234 ; gain = 0.000
INFO: [Physopt 32-603] Post Physical Optimization Timing Summary | WNS=-1.577 | TNS=-4.688 |

Summary of Physical Synthesis Optimizations
============================================


-------------------------------------------------------------------------------------------------------------------------------------------------------------
|  Optimization   |  WNS Gain (ns)  |  TNS Gain (ns)  |  Added Cells  |  Removed Cells  |  Optimized Cells/Nets  |  Dont Touch  |  Iterations  |  Elapsed   |
-------------------------------------------------------------------------------------------------------------------------------------------------------------
|  DSP Register   |          0.000  |          0.000  |            0  |              0  |                     0  |           0  |           1  |  00:00:00  |
|  Critical Path  |          0.275  |          0.820  |            0  |              0  |                     5  |           0  |           2  |  00:00:02  |
|  Total          |          0.275  |          0.820  |            0  |              0  |                     5  |           0  |           3  |  00:00:02  |
-------------------------------------------------------------------------------------------------------------------------------------------------------------


Netlist sorting complete. Time (s): cpu = 00:00:00 ; elapsed = 00:00:00 . Memory (MB): peak = 2418.234 ; gain = 0.000
Ending Physical Synthesis Task | Checksum: 1b034a9dd

Time (s): cpu = 00:00:05 ; elapsed = 00:00:03 . Memory (MB): peak = 2418.234 ; gain = 0.000
INFO: [Common 17-83] Releasing license: Implementation
155 Infos, 0 Warnings, 0 Critical Warnings and 0 Errors encountered.
phys_opt_design completed successfully
INFO: [Timing 38-480] Writing timing data to binary archive.
Writing XDEF routing.
Writing XDEF routing logical nets.
Writing XDEF routing special nets.
Write XDEF Complete: Time (s): cpu = 00:00:00 ; elapsed = 00:00:00.117 . Memory (MB): peak = 2426.410 ; gain = 8.176
INFO: [Common 17-1381] The checkpoint 'D:/GIT/fpga_temelli_gomulu_sistem_tasarimi/vga_proje/vga_proje.runs/impl_1/top_module_physopt.dcp' has been generated.
Command: route_design
Attempting to get a license for feature 'Implementation' and/or device 'xc7a100t'
INFO: [Common 17-349] Got license for feature 'Implementation' and/or device 'xc7a100t'
Running DRC as a precondition to command route_design
INFO: [DRC 23-27] Running DRC with 2 threads
INFO: [Vivado_Tcl 4-198] DRC finished with 0 Errors
INFO: [Vivado_Tcl 4-199] Please refer to the DRC report (report_drc) for more information.


Starting Routing Task
INFO: [Route 35-254] Multithreading enabled for route_design using a maximum of 2 CPUs

Phase 1 Build RT Design
Checksum: PlaceDB: b179f77d ConstDB: 0 ShapeSum: 401b285d RouteDB: 0
Post Restoration Checksum: NetGraph: ea5622df NumContArr: 59711970 Constraints: 0 Timing: 0
Phase 1 Build RT Design | Checksum: 143c73c4f

Time (s): cpu = 00:00:52 ; elapsed = 00:00:46 . Memory (MB): peak = 2529.219 ; gain = 93.703

Phase 2 Router Initialization

Phase 2.1 Fix Topology Constraints
Phase 2.1 Fix Topology Constraints | Checksum: 143c73c4f

Time (s): cpu = 00:00:52 ; elapsed = 00:00:46 . Memory (MB): peak = 2535.848 ; gain = 100.332

Phase 2.2 Pre Route Cleanup
Phase 2.2 Pre Route Cleanup | Checksum: 143c73c4f

Time (s): cpu = 00:00:52 ; elapsed = 00:00:46 . Memory (MB): peak = 2535.848 ; gain = 100.332
 Number of Nodes with overlaps = 0

Phase 2.3 Update Timing
Phase 2.3 Update Timing | Checksum: 1cde6acb0

Time (s): cpu = 00:00:53 ; elapsed = 00:00:46 . Memory (MB): peak = 2545.848 ; gain = 110.332
INFO: [Route 35-416] Intermediate Timing Summary | WNS=-1.484 | TNS=-4.409 | WHS=-0.092 | THS=-1.323 |


Router Utilization Summary
  Global Vertical Routing Utilization    = 0.000696349 %
  Global Horizontal Routing Utilization  = 0.000994601 %
  Routable Net Status*
  *Does not include unroutable nets such as driverless and loadless.
  Run report_route_status for detailed report.
  Number of Failed Nets               = 356
    (Failed Nets is the sum of unrouted and partially routed nets)
  Number of Unrouted Nets             = 355
  Number of Partially Routed Nets     = 1
  Number of Node Overlaps             = 0

Phase 2 Router Initialization | Checksum: 236f235a5

Time (s): cpu = 00:00:54 ; elapsed = 00:00:47 . Memory (MB): peak = 2546.527 ; gain = 111.012

Phase 3 Initial Routing

Phase 3.1 Global Routing
Phase 3.1 Global Routing | Checksum: 236f235a5

Time (s): cpu = 00:00:54 ; elapsed = 00:00:47 . Memory (MB): peak = 2546.527 ; gain = 111.012
Phase 3 Initial Routing | Checksum: 1719e86d3

Time (s): cpu = 00:00:54 ; elapsed = 00:00:47 . Memory (MB): peak = 2546.527 ; gain = 111.012
INFO: [Route 35-580] Design has 3 pins with tight setup and hold constraints.

The top 5 pins with tight setup and hold constraints:

+====================+===================+===========================+
| Launch Setup Clock | Launch Hold Clock | Pin                       |
+====================+===================+===========================+
| sys_clk_pin        | sys_clk_pin       | drawer_inst/pixel_b_reg/D |
| sys_clk_pin        | sys_clk_pin       | drawer_inst/pixel_g_reg/D |
| sys_clk_pin        | sys_clk_pin       | drawer_inst/pixel_r_reg/D |
+--------------------+-------------------+---------------------------+

File with complete list of pins: tight_setup_hold_pins.txt


Phase 4 Rip-up And Reroute

Phase 4.1 Global Iteration 0
 Number of Nodes with overlaps = 32
 Number of Nodes with overlaps = 2
 Number of Nodes with overlaps = 0
INFO: [Route 35-416] Intermediate Timing Summary | WNS=-1.888 | TNS=-5.609 | WHS=N/A    | THS=N/A    |

Phase 4.1 Global Iteration 0 | Checksum: 1c3d2cc5e

Time (s): cpu = 00:00:54 ; elapsed = 00:00:48 . Memory (MB): peak = 2546.527 ; gain = 111.012

Phase 4.2 Global Iteration 1
 Number of Nodes with overlaps = 2
 Number of Nodes with overlaps = 0
INFO: [Route 35-416] Intermediate Timing Summary | WNS=-1.761 | TNS=-5.228 | WHS=N/A    | THS=N/A    |

Phase 4.2 Global Iteration 1 | Checksum: 101ab1f6a

Time (s): cpu = 00:00:55 ; elapsed = 00:00:48 . Memory (MB): peak = 2546.527 ; gain = 111.012

Phase 4.3 Global Iteration 2
 Number of Nodes with overlaps = 5
 Number of Nodes with overlaps = 0
INFO: [Route 35-416] Intermediate Timing Summary | WNS=-1.912 | TNS=-5.681 | WHS=N/A    | THS=N/A    |

Phase 4.3 Global Iteration 2 | Checksum: 15e1f7195

Time (s): cpu = 00:00:55 ; elapsed = 00:00:48 . Memory (MB): peak = 2546.527 ; gain = 111.012
Phase 4 Rip-up And Reroute | Checksum: 15e1f7195

Time (s): cpu = 00:00:55 ; elapsed = 00:00:48 . Memory (MB): peak = 2546.527 ; gain = 111.012

Phase 5 Delay and Skew Optimization

Phase 5.1 Delay CleanUp

Phase 5.1.1 Update Timing
Phase 5.1.1 Update Timing | Checksum: c0fd02be

Time (s): cpu = 00:00:55 ; elapsed = 00:00:48 . Memory (MB): peak = 2546.527 ; gain = 111.012
INFO: [Route 35-416] Intermediate Timing Summary | WNS=-1.666 | TNS=-4.943 | WHS=N/A    | THS=N/A    |

 Number of Nodes with overlaps = 0
Phase 5.1 Delay CleanUp | Checksum: 1822b9076

Time (s): cpu = 00:00:55 ; elapsed = 00:00:48 . Memory (MB): peak = 2546.527 ; gain = 111.012

Phase 5.2 Clock Skew Optimization
Phase 5.2 Clock Skew Optimization | Checksum: 1822b9076

Time (s): cpu = 00:00:55 ; elapsed = 00:00:48 . Memory (MB): peak = 2546.527 ; gain = 111.012
Phase 5 Delay and Skew Optimization | Checksum: 1822b9076

Time (s): cpu = 00:00:55 ; elapsed = 00:00:48 . Memory (MB): peak = 2546.527 ; gain = 111.012

Phase 6 Post Hold Fix

Phase 6.1 Hold Fix Iter

Phase 6.1.1 Update Timing
Phase 6.1.1 Update Timing | Checksum: 211295850

Time (s): cpu = 00:00:55 ; elapsed = 00:00:48 . Memory (MB): peak = 2546.527 ; gain = 111.012
INFO: [Route 35-416] Intermediate Timing Summary | WNS=-1.645 | TNS=-4.880 | WHS=0.201  | THS=0.000  |

Phase 6.1 Hold Fix Iter | Checksum: 211295850

Time (s): cpu = 00:00:55 ; elapsed = 00:00:48 . Memory (MB): peak = 2546.527 ; gain = 111.012
Phase 6 Post Hold Fix | Checksum: 211295850

Time (s): cpu = 00:00:55 ; elapsed = 00:00:48 . Memory (MB): peak = 2546.527 ; gain = 111.012

Phase 7 Route finalize

Router Utilization Summary
  Global Vertical Routing Utilization    = 0.0477434 %
  Global Horizontal Routing Utilization  = 0.0569054 %
  Routable Net Status*
  *Does not include unroutable nets such as driverless and loadless.
  Run report_route_status for detailed report.
  Number of Failed Nets               = 0
    (Failed Nets is the sum of unrouted and partially routed nets)
  Number of Unrouted Nets             = 0
  Number of Partially Routed Nets     = 0
  Number of Node Overlaps             = 0

Congestion Report
North Dir 1x1 Area, Max Cong = 16.2162%, No Congested Regions.
South Dir 1x1 Area, Max Cong = 18.018%, No Congested Regions.
East Dir 1x1 Area, Max Cong = 22.0588%, No Congested Regions.
West Dir 1x1 Area, Max Cong = 36.7647%, No Congested Regions.

------------------------------
Reporting congestion hotspots
------------------------------
Direction: North
----------------
Congested clusters found at Level 0
Effective congestion level: 0 Aspect Ratio: 1 Sparse Ratio: 0
Direction: South
----------------
Congested clusters found at Level 0
Effective congestion level: 0 Aspect Ratio: 1 Sparse Ratio: 0
Direction: East
----------------
Congested clusters found at Level 0
Effective congestion level: 0 Aspect Ratio: 1 Sparse Ratio: 0
Direction: West
----------------
Congested clusters found at Level 0
Effective congestion level: 0 Aspect Ratio: 1 Sparse Ratio: 0

Phase 7 Route finalize | Checksum: 23b4683ab

Time (s): cpu = 00:00:55 ; elapsed = 00:00:48 . Memory (MB): peak = 2546.527 ; gain = 111.012

Phase 8 Verifying routed nets

 Verification completed successfully
Phase 8 Verifying routed nets | Checksum: 23b4683ab

Time (s): cpu = 00:00:55 ; elapsed = 00:00:48 . Memory (MB): peak = 2546.527 ; gain = 111.012

Phase 9 Depositing Routes
Phase 9 Depositing Routes | Checksum: 183a7a246

Time (s): cpu = 00:00:55 ; elapsed = 00:00:48 . Memory (MB): peak = 2546.527 ; gain = 111.012

Phase 10 Post Router Timing
INFO: [Route 35-57] Estimated Timing Summary | WNS=-1.645 | TNS=-4.880 | WHS=0.201  | THS=0.000  |

WARNING: [Route 35-328] Router estimated timing not met.
Resolution: For a complete and accurate timing signoff, report_timing_summary must be run after route_design. Alternatively, route_design can be run with the -timing_summary option to enable a complete timing signoff at the end of route_design.
Phase 10 Post Router Timing | Checksum: 183a7a246

Time (s): cpu = 00:00:55 ; elapsed = 00:00:48 . Memory (MB): peak = 2546.527 ; gain = 111.012
INFO: [Route 35-16] Router Completed Successfully

Time (s): cpu = 00:00:55 ; elapsed = 00:00:48 . Memory (MB): peak = 2546.527 ; gain = 111.012

Routing Is Done.
INFO: [Common 17-83] Releasing license: Implementation
172 Infos, 1 Warnings, 0 Critical Warnings and 0 Errors encountered.
route_design completed successfully
route_design: Time (s): cpu = 00:00:57 ; elapsed = 00:00:50 . Memory (MB): peak = 2546.527 ; gain = 120.117
INFO: [Timing 38-480] Writing timing data to binary archive.
Writing XDEF routing.
Writing XDEF routing logical nets.
Writing XDEF routing special nets.
Write XDEF Complete: Time (s): cpu = 00:00:01 ; elapsed = 00:00:00.396 . Memory (MB): peak = 2556.059 ; gain = 9.531
INFO: [Common 17-1381] The checkpoint 'D:/GIT/fpga_temelli_gomulu_sistem_tasarimi/vga_proje/vga_proje.runs/impl_1/top_module_routed.dcp' has been generated.
INFO: [runtcl-4] Executing : report_drc -file top_module_drc_routed.rpt -pb top_module_drc_routed.pb -rpx top_module_drc_routed.rpx
Command: report_drc -file top_module_drc_routed.rpt -pb top_module_drc_routed.pb -rpx top_module_drc_routed.rpx
INFO: [IP_Flow 19-1839] IP Catalog is up to date.
INFO: [DRC 23-27] Running DRC with 2 threads
INFO: [Vivado_Tcl 2-168] The results of DRC are in file D:/GIT/fpga_temelli_gomulu_sistem_tasarimi/vga_proje/vga_proje.runs/impl_1/top_module_drc_routed.rpt.
report_drc completed successfully
INFO: [runtcl-4] Executing : report_methodology -file top_module_methodology_drc_routed.rpt -pb top_module_methodology_drc_routed.pb -rpx top_module_methodology_drc_routed.rpx
Command: report_methodology -file top_module_methodology_drc_routed.rpt -pb top_module_methodology_drc_routed.pb -rpx top_module_methodology_drc_routed.rpx
INFO: [Timing 38-35] Done setting XDC timing constraints.
INFO: [DRC 23-133] Running Methodology with 2 threads
INFO: [Vivado_Tcl 2-1520] The results of Report Methodology are in file D:/GIT/fpga_temelli_gomulu_sistem_tasarimi/vga_proje/vga_proje.runs/impl_1/top_module_methodology_drc_routed.rpt.
report_methodology completed successfully
INFO: [runtcl-4] Executing : report_power -file top_module_power_routed.rpt -pb top_module_power_summary_routed.pb -rpx top_module_power_routed.rpx
Command: report_power -file top_module_power_routed.rpt -pb top_module_power_summary_routed.pb -rpx top_module_power_routed.rpx
INFO: [Timing 38-35] Done setting XDC timing constraints.
Running Vector-less Activity Propagation...

Finished Running Vector-less Activity Propagation
184 Infos, 1 Warnings, 0 Critical Warnings and 0 Errors encountered.
report_power completed successfully
INFO: [runtcl-4] Executing : report_route_status -file top_module_route_status.rpt -pb top_module_route_status.pb
INFO: [runtcl-4] Executing : report_timing_summary -max_paths 10 -report_unconstrained -file top_module_timing_summary_routed.rpt -pb top_module_timing_summary_routed.pb -rpx top_module_timing_summary_routed.rpx -warn_on_violation 
INFO: [Timing 38-91] UpdateTimingParams: Speed grade: -1, Delay Type: min_max.
INFO: [Timing 38-191] Multithreading enabled for timing update using a maximum of 2 CPUs
CRITICAL WARNING: [Timing 38-282] The design failed to meet the timing requirements. Please see the timing summary report for details on the timing violations.
INFO: [runtcl-4] Executing : report_incremental_reuse -file top_module_incremental_reuse_routed.rpt
INFO: [Vivado_Tcl 4-1062] Incremental flow is disabled. No incremental reuse Info to report.
INFO: [runtcl-4] Executing : report_clock_utilization -file top_module_clock_utilization_routed.rpt
INFO: [runtcl-4] Executing : report_bus_skew -warn_on_violation -file top_module_bus_skew_routed.rpt -pb top_module_bus_skew_routed.pb -rpx top_module_bus_skew_routed.rpx
INFO: [Timing 38-91] UpdateTimingParams: Speed grade: -1, Delay Type: min_max.
INFO: [Timing 38-191] Multithreading enabled for timing update using a maximum of 2 CPUs
Command: write_bitstream -force top_module.bit
Attempting to get a license for feature 'Implementation' and/or device 'xc7a100t'
INFO: [Common 17-349] Got license for feature 'Implementation' and/or device 'xc7a100t'
Running DRC as a precondition to command write_bitstream
INFO: [IP_Flow 19-1839] IP Catalog is up to date.
INFO: [DRC 23-27] Running DRC with 2 threads
WARNING: [DRC CFGBVS-1] Missing CFGBVS and CONFIG_VOLTAGE Design Properties: Neither the CFGBVS nor CONFIG_VOLTAGE voltage property is set in the current_design.  Configuration bank voltage select (CFGBVS) must be set to VCCO or GND, and CONFIG_VOLTAGE must be set to the correct configuration voltage, in order to determine the I/O voltage support for the pins in bank 0.  It is suggested to specify these either using the 'Edit Device Properties' function in the GUI or directly in the XDC file using the following syntax:

 set_property CFGBVS value1 [current_design]
 #where value1 is either VCCO or GND

 set_property CONFIG_VOLTAGE value2 [current_design]
 #where value2 is the voltage provided to configuration bank 0

Refer to the device configuration user guide for more information.
WARNING: [DRC DPIP-1] Input pipelining: DSP drawer_inst/pixel_r2 input drawer_inst/pixel_r2/A[29:0] is not pipelined. Pipelining DSP48 input will improve performance.
WARNING: [DRC DPIP-1] Input pipelining: DSP drawer_inst/pixel_r2 input drawer_inst/pixel_r2/B[17:0] is not pipelined. Pipelining DSP48 input will improve performance.
WARNING: [DRC DPIP-1] Input pipelining: DSP drawer_inst/pixel_r3 input drawer_inst/pixel_r3/A[29:0] is not pipelined. Pipelining DSP48 input will improve performance.
WARNING: [DRC DPIP-1] Input pipelining: DSP drawer_inst/pixel_r3 input drawer_inst/pixel_r3/B[17:0] is not pipelined. Pipelining DSP48 input will improve performance.
WARNING: [DRC DPOP-1] PREG Output pipelining: DSP drawer_inst/pixel_r2 output drawer_inst/pixel_r2/P[47:0] is not pipelined (PREG=0). Pipelining the DSP48 output will improve performance and often saves power so it is suggested whenever possible to fully pipeline this function.  If this DSP48 function was inferred, it is suggested to describe an additional register stage after this function.  If the DSP48 was instantiated in the design, it is suggested to set the PREG attribute to 1.
WARNING: [DRC DPOP-2] MREG Output pipelining: DSP drawer_inst/pixel_r2 multiplier stage drawer_inst/pixel_r2/P[47:0] is not pipelined (MREG=0). Pipelining the multiplier function will improve performance and will save significant power so it is suggested whenever possible to fully pipeline this function.  If this multiplier was inferred, it is suggested to describe an additional register stage after this function.  If there is no registered adder/accumulator following the multiply function, two pipeline stages are suggested to allow both the MREG and PREG registers to be used.  If the DSP48 was instantiated in the design, it is suggested to set both the MREG and PREG attributes to 1 when performing multiply functions.
INFO: [Vivado 12-3199] DRC finished with 0 Errors, 7 Warnings
INFO: [Vivado 12-3200] Please refer to the DRC report (report_drc) for more information.
INFO: [Designutils 20-2272] Running write_bitstream with 2 threads.
Loading data files...
Loading site data...
Loading route data...
Processing options...
Creating bitmap...
Creating bitstream...
Writing bitstream ./top_module.bit...
INFO: [Vivado 12-1842] Bitgen Completed Successfully.
INFO: [Project 1-1876] WebTalk data collection is mandatory when using a ULT device. To see the specific WebTalk data collected for your design, open the usage_statistics_webtalk.html or usage_statistics_webtalk.xml file in the implementation directory.
INFO: [Common 17-83] Releasing license: Implementation
12 Infos, 7 Warnings, 0 Critical Warnings and 0 Errors encountered.
write_bitstream completed successfully
write_bitstream: Time (s): cpu = 00:00:22 ; elapsed = 00:00:20 . Memory (MB): peak = 3012.855 ; gain = 433.793
INFO: [Common 17-206] Exiting Vivado at Tue May 27 22:13:49 2025...
