Copyright 1986-2022 Xilinx, Inc. All Rights Reserved.
---------------------------------------------------------------------------------------
| Tool Version : Vivado v.2022.2 (win64) Build 3671981 Fri Oct 14 05:00:03 MDT 2022
| Date         : Tue May 27 22:12:31 2025
| Host         : DESKTOP-11IAEMT running 64-bit major release  (build 9200)
| Command      : report_control_sets -verbose -file top_module_control_sets_placed.rpt
| Design       : top_module
| Device       : xc7a100t
---------------------------------------------------------------------------------------

Control Set Information

Table of Contents
-----------------
1. Summary
2. Histogram
3. Flip-Flop Distribution
4. Detailed Control Set Information

1. Summary
----------

+----------------------------------------------------------+-------+
|                          Status                          | Count |
+----------------------------------------------------------+-------+
| Total control sets                                       |    17 |
|    Minimum number of control sets                        |    17 |
|    Addition due to synthesis replication                 |     0 |
|    Addition due to physical synthesis replication        |     0 |
| Unused register locations in slices containing registers |    88 |
+----------------------------------------------------------+-------+
* Control sets can be merged at opt_design using control_set_merge or merge_equivalent_drivers
** Run report_qor_suggestions for automated merging and remapping suggestions


2. Histogram
------------

+--------------------+-------+
|       Fanout       | Count |
+--------------------+-------+
| Total control sets |    17 |
| >= 0 to < 4        |    10 |
| >= 4 to < 6        |     1 |
| >= 6 to < 8        |     0 |
| >= 8 to < 10       |     3 |
| >= 10 to < 12      |     2 |
| >= 12 to < 14      |     0 |
| >= 14 to < 16      |     0 |
| >= 16              |     1 |
+--------------------+-------+
* Control sets can be remapped at either synth_design or opt_design


3. Flip-Flop Distribution
-------------------------

+--------------+-----------------------+------------------------+-----------------+--------------+
| Clock Enable | Synchronous Set/Reset | Asynchronous Set/Reset | Total Registers | Total Slices |
+--------------+-----------------------+------------------------+-----------------+--------------+
| No           | No                    | No                     |               8 |            4 |
| No           | No                    | Yes                    |               3 |            2 |
| No           | Yes                   | No                     |              13 |            6 |
| Yes          | No                    | No                     |              10 |            4 |
| Yes          | No                    | Yes                    |              22 |            9 |
| Yes          | Yes                   | No                     |              40 |           19 |
+--------------+-----------------------+------------------------+-----------------+--------------+


4. Detailed Control Set Information
-----------------------------------

+------------------------+----------------------------------+----------------------------------+------------------+----------------+--------------+
|      Clock Signal      |           Enable Signal          |         Set/Reset Signal         | Slice Load Count | Bel Load Count | Bels / Slice |
+------------------------+----------------------------------+----------------------------------+------------------+----------------+--------------+
|  clk_100mhz_IBUF_BUFG  | inst_uart_rx/rx_shift[1]         | reset_IBUF                       |                1 |              1 |         1.00 |
|  clk_100mhz_IBUF_BUFG  | inst_uart_rx/rx_shift[3]         | reset_IBUF                       |                1 |              1 |         1.00 |
|  clk_100mhz_IBUF_BUFG  | inst_uart_rx/rx_shift[7]         | reset_IBUF                       |                1 |              1 |         1.00 |
|  clk_100mhz_IBUF_BUFG  | inst_uart_rx/rx_shift[0]         | reset_IBUF                       |                1 |              1 |         1.00 |
|  clk_100mhz_IBUF_BUFG  | inst_uart_rx/rx_shift[5]         | reset_IBUF                       |                1 |              1 |         1.00 |
|  clk_100mhz_IBUF_BUFG  | inst_uart_rx/rx_shift[2]         | reset_IBUF                       |                1 |              1 |         1.00 |
|  clk_100mhz_IBUF_BUFG  | inst_uart_rx/rx_shift[4]         | reset_IBUF                       |                1 |              1 |         1.00 |
|  clk_100mhz_IBUF_BUFG  | inst_uart_rx/rx_shift[6]         | reset_IBUF                       |                1 |              1 |         1.00 |
|  clk_100mhz_IBUF_BUFG  |                                  | vga_sync_inst/v_count_reg[9]_0   |                2 |              3 |         1.50 |
|  clk_100mhz_IBUF_BUFG  |                                  | reset_IBUF                       |                2 |              3 |         1.50 |
|  clk_100mhz_IBUF_BUFG  | inst_uart_rx/E[0]                | reset_IBUF                       |                2 |              5 |         2.50 |
|  clk_100mhz_IBUF_BUFG  |                                  |                                  |                4 |              8 |         2.00 |
|  clk_100mhz_IBUF_BUFG  | parser_inst/update_flag_reg_0[0] | reset_IBUF                       |                4 |              8 |         2.00 |
|  clk_100mhz_IBUF_BUFG  | parser_inst/E[0]                 | reset_IBUF                       |                3 |              9 |         3.00 |
|  vga_sync_inst/clk_div |                                  | vga_sync_inst/h_count[9]_i_1_n_0 |                4 |             10 |         2.50 |
|  vga_sync_inst/clk_div | vga_sync_inst/h_count[9]_i_1_n_0 |                                  |                4 |             10 |         2.50 |
|  clk_100mhz_IBUF_BUFG  | inst_uart_rx/clk_count_0         | reset_IBUF                       |               11 |             32 |         2.91 |
+------------------------+----------------------------------+----------------------------------+------------------+----------------+--------------+


