
*** Running vivado
    with args -log top_module.vds -m64 -product Vivado -mode batch -messageDb vivado.pb -notrace -source top_module.tcl



****** Vivado v2022.2 (64-bit)
  **** SW Build 3671981 on Fri Oct 14 05:00:03 MDT 2022
  **** IP Build 3669848 on Fri Oct 14 08:30:02 MDT 2022
    ** Copyright 1986-2022 Xilinx, Inc. All Rights Reserved.

source top_module.tcl -notrace
create_project: Time (s): cpu = 00:00:07 ; elapsed = 00:00:08 . Memory (MB): peak = 1001.895 ; gain = 117.430
Command: read_checkpoint -auto_incremental -incremental D:/GIT/fpga_temelli_gomulu_sistem_tasarimi/vga_proje/vga_proje.srcs/utils_1/imports/synth_1/top_module.dcp
INFO: [Vivado 12-5825] Read reference checkpoint from D:/GIT/fpga_temelli_gomulu_sistem_tasarimi/vga_proje/vga_proje.srcs/utils_1/imports/synth_1/top_module.dcp for incremental synthesis
INFO: [Vivado 12-7989] Please ensure there are no constraint changes
Command: synth_design -top top_module -part xc7a100tcsg324-1
Starting synth_design
Attempting to get a license for feature 'Synthesis' and/or device 'xc7a100t'
INFO: [Common 17-349] Got license for feature 'Synthesis' and/or device 'xc7a100t'
INFO: [Device 21-403] Loading part xc7a100tcsg324-1
INFO: [Designutils 20-5440] No compile time benefit to using incremental synthesis; A full resynthesis will be run
INFO: [Designutils 20-4379] Flow is switching to default flow due to incremental criteria not met. If you would like to alter this behaviour and have the flow terminate instead, please set the following parameter config_implementation {autoIncr.Synth.RejectBehavior Terminate}
INFO: [Synth 8-7079] Multithreading enabled for synth_design using a maximum of 2 processes.
INFO: [Synth 8-7078] Launching helper process for spawning children vivado processes
INFO: [Synth 8-7075] Helper process launched with PID 9904
INFO: [Synth 8-11241] undeclared symbol 'REGCCE', assumed default net type 'wire' [C:/Xilinx/Vivado/2022.2/data/verilog/src/unimacro/BRAM_SINGLE_MACRO.v:2170]
---------------------------------------------------------------------------------
Starting RTL Elaboration : Time (s): cpu = 00:00:09 ; elapsed = 00:00:09 . Memory (MB): peak = 1835.797 ; gain = 409.754
---------------------------------------------------------------------------------
INFO: [Synth 8-638] synthesizing module 'top_module' [D:/GIT/fpga_temelli_gomulu_sistem_tasarimi/vga_proje/vga_proje.srcs/sources_1/new/top_module.vhd:22]
	Parameter c_clkfreq bound to: 100000000 - type: integer 
	Parameter c_baudrate bound to: 9600 - type: integer 
INFO: [Synth 8-3491] module 'uart_rxx' declared at 'D:/GIT/fpga_temelli_gomulu_sistem_tasarimi/vga_proje/vga_proje.srcs/sources_1/new/uart_rx.vhd:5' bound to instance 'inst_uart_rx' of component 'uart_rxx' [D:/GIT/fpga_temelli_gomulu_sistem_tasarimi/vga_proje/vga_proje.srcs/sources_1/new/top_module.vhd:140]
INFO: [Synth 8-638] synthesizing module 'uart_rxx' [D:/GIT/fpga_temelli_gomulu_sistem_tasarimi/vga_proje/vga_proje.srcs/sources_1/new/uart_rx.vhd:19]
	Parameter c_clkfreq bound to: 100000000 - type: integer 
	Parameter c_baudrate bound to: 9600 - type: integer 
INFO: [Synth 8-256] done synthesizing module 'uart_rxx' (0#1) [D:/GIT/fpga_temelli_gomulu_sistem_tasarimi/vga_proje/vga_proje.srcs/sources_1/new/uart_rx.vhd:19]
INFO: [Synth 8-3491] module 'command_decoder' declared at 'D:/GIT/fpga_temelli_gomulu_sistem_tasarimi/vga_proje/vga_proje.srcs/sources_1/new/command_decoder.vhd:5' bound to instance 'parser_inst' of component 'command_decoder' [D:/GIT/fpga_temelli_gomulu_sistem_tasarimi/vga_proje/vga_proje.srcs/sources_1/new/top_module.vhd:154]
INFO: [Synth 8-638] synthesizing module 'command_decoder' [D:/GIT/fpga_temelli_gomulu_sistem_tasarimi/vga_proje/vga_proje.srcs/sources_1/new/command_decoder.vhd:19]
INFO: [Synth 8-256] done synthesizing module 'command_decoder' (0#1) [D:/GIT/fpga_temelli_gomulu_sistem_tasarimi/vga_proje/vga_proje.srcs/sources_1/new/command_decoder.vhd:19]
INFO: [Synth 8-3491] module 'shape_controller' declared at 'D:/GIT/fpga_temelli_gomulu_sistem_tasarimi/vga_proje/vga_proje.srcs/sources_1/new/shape_controller.vhd:5' bound to instance 'controller_inst' of component 'shape_controller' [D:/GIT/fpga_temelli_gomulu_sistem_tasarimi/vga_proje/vga_proje.srcs/sources_1/new/top_module.vhd:167]
INFO: [Synth 8-638] synthesizing module 'shape_controller' [D:/GIT/fpga_temelli_gomulu_sistem_tasarimi/vga_proje/vga_proje.srcs/sources_1/new/shape_controller.vhd:24]
INFO: [Synth 8-226] default block is never used [D:/GIT/fpga_temelli_gomulu_sistem_tasarimi/vga_proje/vga_proje.srcs/sources_1/new/shape_controller.vhd:46]
INFO: [Synth 8-256] done synthesizing module 'shape_controller' (0#1) [D:/GIT/fpga_temelli_gomulu_sistem_tasarimi/vga_proje/vga_proje.srcs/sources_1/new/shape_controller.vhd:24]
INFO: [Synth 8-3491] module 'vga_sync' declared at 'D:/GIT/fpga_temelli_gomulu_sistem_tasarimi/vga_proje/vga_proje.srcs/sources_1/new/vga_sync.vhd:5' bound to instance 'vga_sync_inst' of component 'vga_sync' [D:/GIT/fpga_temelli_gomulu_sistem_tasarimi/vga_proje/vga_proje.srcs/sources_1/new/top_module.vhd:182]
INFO: [Synth 8-638] synthesizing module 'vga_sync' [D:/GIT/fpga_temelli_gomulu_sistem_tasarimi/vga_proje/vga_proje.srcs/sources_1/new/vga_sync.vhd:17]
INFO: [Synth 8-256] done synthesizing module 'vga_sync' (0#1) [D:/GIT/fpga_temelli_gomulu_sistem_tasarimi/vga_proje/vga_proje.srcs/sources_1/new/vga_sync.vhd:17]
INFO: [Synth 8-3491] module 'shape_drawer' declared at 'D:/GIT/fpga_temelli_gomulu_sistem_tasarimi/vga_proje/vga_proje.srcs/sources_1/new/shape_drawer.vhd:5' bound to instance 'drawer_inst' of component 'shape_drawer' [D:/GIT/fpga_temelli_gomulu_sistem_tasarimi/vga_proje/vga_proje.srcs/sources_1/new/top_module.vhd:194]
INFO: [Synth 8-638] synthesizing module 'shape_drawer' [D:/GIT/fpga_temelli_gomulu_sistem_tasarimi/vga_proje/vga_proje.srcs/sources_1/new/shape_drawer.vhd:23]
INFO: [Synth 8-256] done synthesizing module 'shape_drawer' (0#1) [D:/GIT/fpga_temelli_gomulu_sistem_tasarimi/vga_proje/vga_proje.srcs/sources_1/new/shape_drawer.vhd:23]
INFO: [Synth 8-256] done synthesizing module 'top_module' (0#1) [D:/GIT/fpga_temelli_gomulu_sistem_tasarimi/vga_proje/vga_proje.srcs/sources_1/new/top_module.vhd:22]
WARNING: [Synth 8-7129] Port reset in module vga_sync is either unconnected or has no load
---------------------------------------------------------------------------------
Finished RTL Elaboration : Time (s): cpu = 00:00:11 ; elapsed = 00:00:12 . Memory (MB): peak = 1928.035 ; gain = 501.992
---------------------------------------------------------------------------------
---------------------------------------------------------------------------------
Start Handling Custom Attributes
---------------------------------------------------------------------------------
---------------------------------------------------------------------------------
Finished Handling Custom Attributes : Time (s): cpu = 00:00:12 ; elapsed = 00:00:12 . Memory (MB): peak = 1928.035 ; gain = 501.992
---------------------------------------------------------------------------------
---------------------------------------------------------------------------------
Finished RTL Optimization Phase 1 : Time (s): cpu = 00:00:12 ; elapsed = 00:00:12 . Memory (MB): peak = 1928.035 ; gain = 501.992
---------------------------------------------------------------------------------
Netlist sorting complete. Time (s): cpu = 00:00:00 ; elapsed = 00:00:00.011 . Memory (MB): peak = 1928.035 ; gain = 0.000
INFO: [Project 1-570] Preparing netlist for logic optimization

Processing XDC Constraints
Initializing timing engine
Parsing XDC File [D:/GIT/fpga_temelli_gomulu_sistem_tasarimi/vga_proje/vga_proje.srcs/constrs_1/new/vga_nexys_A7.xdc]
Finished Parsing XDC File [D:/GIT/fpga_temelli_gomulu_sistem_tasarimi/vga_proje/vga_proje.srcs/constrs_1/new/vga_nexys_A7.xdc]
INFO: [Project 1-236] Implementation specific constraints were found while reading constraint file [D:/GIT/fpga_temelli_gomulu_sistem_tasarimi/vga_proje/vga_proje.srcs/constrs_1/new/vga_nexys_A7.xdc]. These constraints will be ignored for synthesis but will be used in implementation. Impacted constraints are listed in the file [.Xil/top_module_propImpl.xdc].
Resolution: To avoid this warning, move constraints listed in [.Xil/top_module_propImpl.xdc] to another XDC file and exclude this new file from synthesis with the used_in_synthesis property (File Properties dialog in GUI) and re-run elaboration/synthesis.
Completed Processing XDC Constraints

Netlist sorting complete. Time (s): cpu = 00:00:00 ; elapsed = 00:00:00 . Memory (MB): peak = 2015.164 ; gain = 0.000
INFO: [Project 1-111] Unisim Transformation Summary:
No Unisim elements were transformed.

Constraint Validation Runtime : Time (s): cpu = 00:00:00 ; elapsed = 00:00:00.006 . Memory (MB): peak = 2015.164 ; gain = 0.000
INFO: [Designutils 20-5440] No compile time benefit to using incremental synthesis; A full resynthesis will be run
INFO: [Designutils 20-4379] Flow is switching to default flow due to incremental criteria not met. If you would like to alter this behaviour and have the flow terminate instead, please set the following parameter config_implementation {autoIncr.Synth.RejectBehavior Terminate}
INFO: [Synth 8-11241] undeclared symbol 'REGCCE', assumed default net type 'wire' [C:/Xilinx/Vivado/2022.2/data/verilog/src/unimacro/BRAM_SINGLE_MACRO.v:2170]
---------------------------------------------------------------------------------
Finished Constraint Validation : Time (s): cpu = 00:00:24 ; elapsed = 00:00:25 . Memory (MB): peak = 2015.164 ; gain = 589.121
---------------------------------------------------------------------------------
---------------------------------------------------------------------------------
Start Loading Part and Timing Information
---------------------------------------------------------------------------------
Loading part: xc7a100tcsg324-1
---------------------------------------------------------------------------------
Finished Loading Part and Timing Information : Time (s): cpu = 00:00:24 ; elapsed = 00:00:25 . Memory (MB): peak = 2015.164 ; gain = 589.121
---------------------------------------------------------------------------------
---------------------------------------------------------------------------------
Start Applying 'set_property' XDC Constraints
---------------------------------------------------------------------------------
---------------------------------------------------------------------------------
Finished applying 'set_property' XDC Constraints : Time (s): cpu = 00:00:24 ; elapsed = 00:00:25 . Memory (MB): peak = 2015.164 ; gain = 589.121
---------------------------------------------------------------------------------
INFO: [Synth 8-802] inferred FSM for state register 'state_reg' in module 'uart_rxx'
---------------------------------------------------------------------------------------------------
                   State |                     New Encoding |                Previous Encoding 
---------------------------------------------------------------------------------------------------
                    idle |                               00 |                               00
                   start |                               01 |                               01
                    data |                               10 |                               10
                    stop |                               11 |                               11
---------------------------------------------------------------------------------------------------
INFO: [Synth 8-3354] encoded FSM with state register 'state_reg' using encoding 'sequential' in module 'uart_rxx'
---------------------------------------------------------------------------------
Finished RTL Optimization Phase 2 : Time (s): cpu = 00:00:25 ; elapsed = 00:00:26 . Memory (MB): peak = 2015.164 ; gain = 589.121
---------------------------------------------------------------------------------
---------------------------------------------------------------------------------
Start RTL Component Statistics 
---------------------------------------------------------------------------------
Detailed RTL Component Info : 
+---Adders : 
	   2 Input   32 Bit       Adders := 2     
	   2 Input   31 Bit       Adders := 2     
	   3 Input   11 Bit       Adders := 2     
	   2 Input   10 Bit       Adders := 4     
	   2 Input    9 Bit       Adders := 2     
	   2 Input    3 Bit       Adders := 1     
	   2 Input    2 Bit       Adders := 1     
+---Registers : 
	               32 Bit    Registers := 1     
	               10 Bit    Registers := 3     
	                9 Bit    Registers := 1     
	                8 Bit    Registers := 1     
	                3 Bit    Registers := 3     
	                2 Bit    Registers := 4     
	                1 Bit    Registers := 6     
+---Muxes : 
	   2 Input   32 Bit        Muxes := 2     
	   4 Input   32 Bit        Muxes := 1     
	   2 Input   31 Bit        Muxes := 2     
	   4 Input   10 Bit        Muxes := 1     
	   4 Input    9 Bit        Muxes := 1     
	   4 Input    8 Bit        Muxes := 1     
	   4 Input    3 Bit        Muxes := 1     
	   2 Input    3 Bit        Muxes := 1     
	   9 Input    3 Bit        Muxes := 1     
	   4 Input    2 Bit        Muxes := 1     
	   2 Input    2 Bit        Muxes := 2     
	   9 Input    2 Bit        Muxes := 1     
	   2 Input    1 Bit        Muxes := 5     
	   4 Input    1 Bit        Muxes := 9     
	   9 Input    1 Bit        Muxes := 2     
---------------------------------------------------------------------------------
Finished RTL Component Statistics 
---------------------------------------------------------------------------------
---------------------------------------------------------------------------------
Start Part Resource Summary
---------------------------------------------------------------------------------
Part Resources:
DSPs: 240 (col length:80)
BRAMs: 270 (col length: RAMB18 80 RAMB36 40)
---------------------------------------------------------------------------------
Finished Part Resource Summary
---------------------------------------------------------------------------------
---------------------------------------------------------------------------------
Start Cross Boundary and Area Optimization
---------------------------------------------------------------------------------
WARNING: [Synth 8-7080] Parallel synthesis criteria is not met
DSP Report: Generating DSP drawer_inst/pixel_r3, operation Mode is: A*B.
DSP Report: operator drawer_inst/pixel_r3 is absorbed into DSP drawer_inst/pixel_r3.
DSP Report: Generating DSP drawer_inst/pixel_r2, operation Mode is: PCIN+A*B.
DSP Report: operator drawer_inst/pixel_r2 is absorbed into DSP drawer_inst/pixel_r2.
DSP Report: operator drawer_inst/pixel_r3 is absorbed into DSP drawer_inst/pixel_r2.
WARNING: [Synth 8-3332] Sequential element (inst_uart_rx/FSM_sequential_state_reg[1]) is unused and will be removed from module top_module.
WARNING: [Synth 8-3332] Sequential element (inst_uart_rx/FSM_sequential_state_reg[0]) is unused and will be removed from module top_module.
CRITICAL WARNING: [Synth 8-6859] multi-driven net on pin Q with 1st driver pin 'controller_inst/shape_type_out_reg[1]/Q' [D:/GIT/fpga_temelli_gomulu_sistem_tasarimi/vga_proje/vga_proje.srcs/sources_1/new/shape_controller.vhd:36]
CRITICAL WARNING: [Synth 8-6859] multi-driven net on pin Q with 2nd driver pin 'GND' [D:/GIT/fpga_temelli_gomulu_sistem_tasarimi/vga_proje/vga_proje.srcs/sources_1/new/shape_controller.vhd:36]
CRITICAL WARNING: [Synth 8-6858] multi-driven net Q is connected to at least one constant driver which has been preserved, other driver is ignored [D:/GIT/fpga_temelli_gomulu_sistem_tasarimi/vga_proje/vga_proje.srcs/sources_1/new/shape_controller.vhd:36]
CRITICAL WARNING: [Synth 8-6859] multi-driven net on pin Q with 1st driver pin 'controller_inst/shape_type_out_reg[0]/Q' [D:/GIT/fpga_temelli_gomulu_sistem_tasarimi/vga_proje/vga_proje.srcs/sources_1/new/shape_controller.vhd:36]
CRITICAL WARNING: [Synth 8-6859] multi-driven net on pin Q with 2nd driver pin 'GND' [D:/GIT/fpga_temelli_gomulu_sistem_tasarimi/vga_proje/vga_proje.srcs/sources_1/new/shape_controller.vhd:36]
CRITICAL WARNING: [Synth 8-6858] multi-driven net Q is connected to at least one constant driver which has been preserved, other driver is ignored [D:/GIT/fpga_temelli_gomulu_sistem_tasarimi/vga_proje/vga_proje.srcs/sources_1/new/shape_controller.vhd:36]
CRITICAL WARNING: [Synth 8-6859] multi-driven net on pin Q with 1st driver pin 'controller_inst/shape_color_out_reg[2]/Q' [D:/GIT/fpga_temelli_gomulu_sistem_tasarimi/vga_proje/vga_proje.srcs/sources_1/new/shape_controller.vhd:37]
CRITICAL WARNING: [Synth 8-6859] multi-driven net on pin Q with 2nd driver pin 'GND' [D:/GIT/fpga_temelli_gomulu_sistem_tasarimi/vga_proje/vga_proje.srcs/sources_1/new/shape_controller.vhd:37]
CRITICAL WARNING: [Synth 8-6858] multi-driven net Q is connected to at least one constant driver which has been preserved, other driver is ignored [D:/GIT/fpga_temelli_gomulu_sistem_tasarimi/vga_proje/vga_proje.srcs/sources_1/new/shape_controller.vhd:37]
CRITICAL WARNING: [Synth 8-6859] multi-driven net on pin Q with 1st driver pin 'controller_inst/shape_color_out_reg[1]/Q' [D:/GIT/fpga_temelli_gomulu_sistem_tasarimi/vga_proje/vga_proje.srcs/sources_1/new/shape_controller.vhd:37]
CRITICAL WARNING: [Synth 8-6859] multi-driven net on pin Q with 2nd driver pin 'GND' [D:/GIT/fpga_temelli_gomulu_sistem_tasarimi/vga_proje/vga_proje.srcs/sources_1/new/shape_controller.vhd:37]
CRITICAL WARNING: [Synth 8-6858] multi-driven net Q is connected to at least one constant driver which has been preserved, other driver is ignored [D:/GIT/fpga_temelli_gomulu_sistem_tasarimi/vga_proje/vga_proje.srcs/sources_1/new/shape_controller.vhd:37]
CRITICAL WARNING: [Synth 8-6859] multi-driven net on pin Q with 1st driver pin 'controller_inst/shape_color_out_reg[0]/Q' [D:/GIT/fpga_temelli_gomulu_sistem_tasarimi/vga_proje/vga_proje.srcs/sources_1/new/shape_controller.vhd:37]
CRITICAL WARNING: [Synth 8-6859] multi-driven net on pin Q with 2nd driver pin 'GND' [D:/GIT/fpga_temelli_gomulu_sistem_tasarimi/vga_proje/vga_proje.srcs/sources_1/new/shape_controller.vhd:37]
CRITICAL WARNING: [Synth 8-6858] multi-driven net Q is connected to at least one constant driver which has been preserved, other driver is ignored [D:/GIT/fpga_temelli_gomulu_sistem_tasarimi/vga_proje/vga_proje.srcs/sources_1/new/shape_controller.vhd:37]
---------------------------------------------------------------------------------
Finished Cross Boundary and Area Optimization : Time (s): cpu = 00:00:29 ; elapsed = 00:00:30 . Memory (MB): peak = 2015.164 ; gain = 589.121
---------------------------------------------------------------------------------
---------------------------------------------------------------------------------
Start ROM, RAM, DSP, Shift Register and Retiming Reporting
---------------------------------------------------------------------------------

DSP: Preliminary Mapping Report (see note below. The ' indicates corresponding REG is set)
+-------------+-------------+--------+--------+--------+--------+--------+------+------+------+------+-------+------+------+
|Module Name  | DSP Mapping | A Size | B Size | C Size | D Size | P Size | AREG | BREG | CREG | DREG | ADREG | MREG | PREG | 
+-------------+-------------+--------+--------+--------+--------+--------+------+------+------+------+-------+------+------+
|shape_drawer | A*B         | 11     | 11     | -      | -      | 22     | 0    | 0    | -    | -    | -     | 0    | 0    | 
|shape_drawer | PCIN+A*B    | 11     | 11     | -      | -      | 22     | 0    | 0    | -    | -    | -     | 0    | 0    | 
+-------------+-------------+--------+--------+--------+--------+--------+------+------+------+------+-------+------+------+

Note: The table above is a preliminary report that shows the DSPs inferred at the current stage of the synthesis flow. Some DSP may be reimplemented as non DSP primitives later in the synthesis flow. Multiple instantiated DSPs are reported only once.
---------------------------------------------------------------------------------
Finished ROM, RAM, DSP, Shift Register and Retiming Reporting
---------------------------------------------------------------------------------
---------------------------------------------------------------------------------
Start Applying XDC Timing Constraints
---------------------------------------------------------------------------------
---------------------------------------------------------------------------------
Finished Applying XDC Timing Constraints : Time (s): cpu = 00:00:37 ; elapsed = 00:00:38 . Memory (MB): peak = 2015.164 ; gain = 589.121
---------------------------------------------------------------------------------
---------------------------------------------------------------------------------
Start Timing Optimization
---------------------------------------------------------------------------------
---------------------------------------------------------------------------------
Finished Timing Optimization : Time (s): cpu = 00:00:37 ; elapsed = 00:00:38 . Memory (MB): peak = 2015.164 ; gain = 589.121
---------------------------------------------------------------------------------
---------------------------------------------------------------------------------
Start Technology Mapping
---------------------------------------------------------------------------------
---------------------------------------------------------------------------------
Finished Technology Mapping : Time (s): cpu = 00:00:37 ; elapsed = 00:00:38 . Memory (MB): peak = 2015.164 ; gain = 589.121
---------------------------------------------------------------------------------
---------------------------------------------------------------------------------
Start IO Insertion
---------------------------------------------------------------------------------
---------------------------------------------------------------------------------
Start Flattening Before IO Insertion
---------------------------------------------------------------------------------
---------------------------------------------------------------------------------
Finished Flattening Before IO Insertion
---------------------------------------------------------------------------------
---------------------------------------------------------------------------------
Start Final Netlist Cleanup
---------------------------------------------------------------------------------
---------------------------------------------------------------------------------
Finished Final Netlist Cleanup
---------------------------------------------------------------------------------
---------------------------------------------------------------------------------
Finished IO Insertion : Time (s): cpu = 00:00:44 ; elapsed = 00:00:45 . Memory (MB): peak = 2015.164 ; gain = 589.121
---------------------------------------------------------------------------------
---------------------------------------------------------------------------------
Start Renaming Generated Instances
---------------------------------------------------------------------------------
---------------------------------------------------------------------------------
Finished Renaming Generated Instances : Time (s): cpu = 00:00:44 ; elapsed = 00:00:45 . Memory (MB): peak = 2015.164 ; gain = 589.121
---------------------------------------------------------------------------------
---------------------------------------------------------------------------------
Start Rebuilding User Hierarchy
---------------------------------------------------------------------------------
---------------------------------------------------------------------------------
Finished Rebuilding User Hierarchy : Time (s): cpu = 00:00:44 ; elapsed = 00:00:45 . Memory (MB): peak = 2015.164 ; gain = 589.121
---------------------------------------------------------------------------------
---------------------------------------------------------------------------------
Start Renaming Generated Ports
---------------------------------------------------------------------------------
---------------------------------------------------------------------------------
Finished Renaming Generated Ports : Time (s): cpu = 00:00:44 ; elapsed = 00:00:45 . Memory (MB): peak = 2015.164 ; gain = 589.121
---------------------------------------------------------------------------------
---------------------------------------------------------------------------------
Start Handling Custom Attributes
---------------------------------------------------------------------------------
---------------------------------------------------------------------------------
Finished Handling Custom Attributes : Time (s): cpu = 00:00:44 ; elapsed = 00:00:45 . Memory (MB): peak = 2015.164 ; gain = 589.121
---------------------------------------------------------------------------------
---------------------------------------------------------------------------------
Start Renaming Generated Nets
---------------------------------------------------------------------------------
---------------------------------------------------------------------------------
Finished Renaming Generated Nets : Time (s): cpu = 00:00:44 ; elapsed = 00:00:45 . Memory (MB): peak = 2015.164 ; gain = 589.121
---------------------------------------------------------------------------------
---------------------------------------------------------------------------------
Start Writing Synthesis Report
---------------------------------------------------------------------------------

Report BlackBoxes: 
+-+--------------+----------+
| |BlackBox name |Instances |
+-+--------------+----------+
+-+--------------+----------+

Report Cell Usage: 
+------+-----+------+
|      |Cell |Count |
+------+-----+------+
|1     |BUFG |     1|
|2     |LUT1 |     2|
|3     |LUT2 |     4|
|4     |LUT3 |     3|
|5     |LUT4 |     5|
|6     |LUT5 |    10|
|7     |LUT6 |     9|
|8     |FDRE |    23|
|9     |IBUF |     1|
|10    |OBUF |     5|
+------+-----+------+
---------------------------------------------------------------------------------
Finished Writing Synthesis Report : Time (s): cpu = 00:00:44 ; elapsed = 00:00:45 . Memory (MB): peak = 2015.164 ; gain = 589.121
---------------------------------------------------------------------------------
Synthesis finished with 0 errors, 15 critical warnings and 3 warnings.
Synthesis Optimization Runtime : Time (s): cpu = 00:00:29 ; elapsed = 00:00:42 . Memory (MB): peak = 2015.164 ; gain = 501.992
Synthesis Optimization Complete : Time (s): cpu = 00:00:44 ; elapsed = 00:00:46 . Memory (MB): peak = 2015.164 ; gain = 589.121
INFO: [Project 1-571] Translating synthesized netlist
Netlist sorting complete. Time (s): cpu = 00:00:00 ; elapsed = 00:00:00.001 . Memory (MB): peak = 2015.164 ; gain = 0.000
INFO: [Project 1-570] Preparing netlist for logic optimization
INFO: [Opt 31-138] Pushed 0 inverter(s) to 0 load pin(s).
Netlist sorting complete. Time (s): cpu = 00:00:00 ; elapsed = 00:00:00 . Memory (MB): peak = 2015.164 ; gain = 0.000
INFO: [Project 1-111] Unisim Transformation Summary:
No Unisim elements were transformed.

Synth Design complete, checksum: bcd6e51c
INFO: [Common 17-83] Releasing license: Synthesis
41 Infos, 4 Warnings, 15 Critical Warnings and 0 Errors encountered.
synth_design completed successfully
synth_design: Time (s): cpu = 00:00:51 ; elapsed = 00:00:55 . Memory (MB): peak = 2015.164 ; gain = 984.938
INFO: [runtcl-6] Synthesis results are not added to the cache due to CRITICAL_WARNING
INFO: [Common 17-1381] The checkpoint 'D:/GIT/fpga_temelli_gomulu_sistem_tasarimi/vga_proje/vga_proje.runs/synth_1/top_module.dcp' has been generated.
INFO: [runtcl-4] Executing : report_utilization -file top_module_utilization_synth.rpt -pb top_module_utilization_synth.pb
INFO: [Common 17-206] Exiting Vivado at Sun May 25 21:08:29 2025...
