Copyright 1986-2022 Xilinx, Inc. All Rights Reserved.
--------------------------------------------------------------------------------------
| Tool Version : Vivado v.2022.2 (win64) Build 3671981 Fri Oct 14 05:00:03 MDT 2022
| Date         : Mon May 12 19:14:26 2025
| Host         : DESKTOP-11IAEMT running 64-bit major release  (build 9200)
| Command      : report_control_sets -verbose -file top_level_control_sets_placed.rpt
| Design       : top_level
| Device       : xc7a100t
--------------------------------------------------------------------------------------

Control Set Information

Table of Contents
-----------------
1. Summary
2. Histogram
3. Flip-Flop Distribution
4. Detailed Control Set Information

1. Summary
----------

+----------------------------------------------------------+-------+
|                          Status                          | Count |
+----------------------------------------------------------+-------+
| Total control sets                                       |    33 |
|    Minimum number of control sets                        |    33 |
|    Addition due to synthesis replication                 |     0 |
|    Addition due to physical synthesis replication        |     0 |
| Unused register locations in slices containing registers |    72 |
+----------------------------------------------------------+-------+
* Control sets can be merged at opt_design using control_set_merge or merge_equivalent_drivers
** Run report_qor_suggestions for automated merging and remapping suggestions


2. Histogram
------------

+--------------------+-------+
|       Fanout       | Count |
+--------------------+-------+
| Total control sets |    33 |
| >= 0 to < 4        |     8 |
| >= 4 to < 6        |     3 |
| >= 6 to < 8        |     0 |
| >= 8 to < 10       |    18 |
| >= 10 to < 12      |     0 |
| >= 12 to < 14      |     0 |
| >= 14 to < 16      |     0 |
| >= 16              |     4 |
+--------------------+-------+
* Control sets can be remapped at either synth_design or opt_design


3. Flip-Flop Distribution
-------------------------

+--------------+-----------------------+------------------------+-----------------+--------------+
| Clock Enable | Synchronous Set/Reset | Asynchronous Set/Reset | Total Registers | Total Slices |
+--------------+-----------------------+------------------------+-----------------+--------------+
| No           | No                    | No                     |               0 |            0 |
| No           | No                    | Yes                    |               0 |            0 |
| No           | Yes                   | No                     |              24 |            8 |
| Yes          | No                    | No                     |              28 |           13 |
| Yes          | No                    | Yes                    |               0 |            0 |
| Yes          | Yes                   | No                     |             220 |           77 |
+--------------+-----------------------+------------------------+-----------------+--------------+


4. Detailed Control Set Information
-----------------------------------

+----------------+----------------------------------+--------------------------+------------------+----------------+--------------+
|  Clock Signal  |           Enable Signal          |     Set/Reset Signal     | Slice Load Count | Bel Load Count | Bels / Slice |
+----------------+----------------------------------+--------------------------+------------------+----------------+--------------+
|  clk_IBUF_BUFG | uart_rx_inst/rx_shift[3]_i_1_n_0 | reset_IBUF               |                1 |              1 |         1.00 |
|  clk_IBUF_BUFG | uart_rx_inst/rx_shift[4]_i_1_n_0 | reset_IBUF               |                1 |              1 |         1.00 |
|  clk_IBUF_BUFG | uart_rx_inst/rx_shift[5]_i_1_n_0 | reset_IBUF               |                1 |              1 |         1.00 |
|  clk_IBUF_BUFG | uart_rx_inst/rx_shift[6]_i_1_n_0 | reset_IBUF               |                1 |              1 |         1.00 |
|  clk_IBUF_BUFG | uart_rx_inst/rx_shift[0]_i_1_n_0 | reset_IBUF               |                1 |              1 |         1.00 |
|  clk_IBUF_BUFG | uart_rx_inst/rx_shift[1]_i_1_n_0 | reset_IBUF               |                1 |              1 |         1.00 |
|  clk_IBUF_BUFG | uart_rx_inst/rx_shift[2]_i_1_n_0 | reset_IBUF               |                1 |              1 |         1.00 |
|  clk_IBUF_BUFG | uart_rx_inst/rx_shift[7]_i_1_n_0 | reset_IBUF               |                1 |              1 |         1.00 |
|  clk_IBUF_BUFG | collector_inst/index             | reset_IBUF               |                1 |              4 |         4.00 |
|  clk_IBUF_BUFG | sorter_inst/j[3]_i_2_n_0         | sorter_inst/j[3]_i_1_n_0 |                1 |              4 |         4.00 |
|  clk_IBUF_BUFG | sorter_inst/i                    | sorter_inst/i[3]_i_1_n_0 |                2 |              4 |         2.00 |
|  clk_IBUF_BUFG | sorter_inst/data[2][7]_i_1_n_0   | reset_IBUF               |                3 |              8 |         2.67 |
|  clk_IBUF_BUFG | collector_inst/mem[6]_7          | reset_IBUF               |                2 |              8 |         4.00 |
|  clk_IBUF_BUFG | collector_inst/mem[8][7]_i_1_n_0 | reset_IBUF               |                1 |              8 |         8.00 |
|  clk_IBUF_BUFG | collector_inst/mem[7]_1          | reset_IBUF               |                1 |              8 |         8.00 |
|  clk_IBUF_BUFG | collector_inst/mem[1]_3          | reset_IBUF               |                2 |              8 |         4.00 |
|  clk_IBUF_BUFG | collector_inst/mem[2]_4          | reset_IBUF               |                2 |              8 |         4.00 |
|  clk_IBUF_BUFG | collector_inst/mem[3]_0          | reset_IBUF               |                1 |              8 |         8.00 |
|  clk_IBUF_BUFG | collector_inst/mem[0]_2          | reset_IBUF               |                3 |              8 |         2.67 |
|  clk_IBUF_BUFG | collector_inst/mem[4]_5          | reset_IBUF               |                2 |              8 |         4.00 |
|  clk_IBUF_BUFG | collector_inst/mem[5]_6          | reset_IBUF               |                2 |              8 |         4.00 |
|  clk_IBUF_BUFG | sorter_inst/data[0][7]_i_1_n_0   | reset_IBUF               |                3 |              8 |         2.67 |
|  clk_IBUF_BUFG | sorter_inst/data[4][7]_i_1_n_0   | reset_IBUF               |                3 |              8 |         2.67 |
|  clk_IBUF_BUFG | sorter_inst/data[5][7]_i_1_n_0   | reset_IBUF               |                2 |              8 |         4.00 |
|  clk_IBUF_BUFG | sorter_inst/data[3][7]_i_1_n_0   | reset_IBUF               |                3 |              8 |         2.67 |
|  clk_IBUF_BUFG | sorter_inst/data[1][7]_i_1_n_0   | reset_IBUF               |                2 |              8 |         4.00 |
|  clk_IBUF_BUFG | sorter_inst/data[6][7]_i_1_n_0   | reset_IBUF               |                4 |              8 |         2.00 |
|  clk_IBUF_BUFG | sorter_inst/data[7][7]_i_1_n_0   | reset_IBUF               |                3 |              8 |         2.67 |
|  clk_IBUF_BUFG | sorter_inst/data[8][7]_i_1_n_0   | reset_IBUF               |                4 |              8 |         2.00 |
|  clk_IBUF_BUFG |                                  | reset_IBUF               |                8 |             24 |         3.00 |
|  clk_IBUF_BUFG | sorter_inst/sorted[0]_2          | reset_IBUF               |                8 |             24 |         3.00 |
|  clk_IBUF_BUFG | result_sw_IBUF                   |                          |               13 |             28 |         2.15 |
|  clk_IBUF_BUFG | uart_rx_inst/baud_counter        | reset_IBUF               |               14 |             32 |         2.29 |
+----------------+----------------------------------+--------------------------+------------------+----------------+--------------+


